Archive member included to satisfy reference by file (symbol)

c:/st/stm32cubeide_1.10.1/stm32cubeide/plugins/com.st.stm32cube.ide.mcu.externaltools.gnu-tools-for-stm32.10.3-2021.10.win32_1.0.0.202111181127/tools/bin/../lib/gcc/arm-none-eabi/10.3.1/../../../../arm-none-eabi/lib/thumb/v7e-m+dp/hard\libm.a(lib_a-s_round.o)
                              ./Core/Src/main.o (round)
c:/st/stm32cubeide_1.10.1/stm32cubeide/plugins/com.st.stm32cube.ide.mcu.externaltools.gnu-tools-for-stm32.10.3-2021.10.win32_1.0.0.202111181127/tools/bin/../lib/gcc/arm-none-eabi/10.3.1/../../../../arm-none-eabi/lib/thumb/v7e-m+dp/hard\libc_nano.a(lib_a-errno.o)
                              ./Core/Src/syscalls.o (__errno)
c:/st/stm32cubeide_1.10.1/stm32cubeide/plugins/com.st.stm32cube.ide.mcu.externaltools.gnu-tools-for-stm32.10.3-2021.10.win32_1.0.0.202111181127/tools/bin/../lib/gcc/arm-none-eabi/10.3.1/../../../../arm-none-eabi/lib/thumb/v7e-m+dp/hard\libc_nano.a(lib_a-exit.o)
                              c:/st/stm32cubeide_1.10.1/stm32cubeide/plugins/com.st.stm32cube.ide.mcu.externaltools.gnu-tools-for-stm32.10.3-2021.10.win32_1.0.0.202111181127/tools/bin/../lib/gcc/arm-none-eabi/10.3.1/../../../../arm-none-eabi/lib/thumb/v7e-m+dp/hard/crt0.o (exit)
c:/st/stm32cubeide_1.10.1/stm32cubeide/plugins/com.st.stm32cube.ide.mcu.externaltools.gnu-tools-for-stm32.10.3-2021.10.win32_1.0.0.202111181127/tools/bin/../lib/gcc/arm-none-eabi/10.3.1/../../../../arm-none-eabi/lib/thumb/v7e-m+dp/hard\libc_nano.a(lib_a-impure.o)
                              c:/st/stm32cubeide_1.10.1/stm32cubeide/plugins/com.st.stm32cube.ide.mcu.externaltools.gnu-tools-for-stm32.10.3-2021.10.win32_1.0.0.202111181127/tools/bin/../lib/gcc/arm-none-eabi/10.3.1/../../../../arm-none-eabi/lib/thumb/v7e-m+dp/hard\libc_nano.a(lib_a-exit.o) (_global_impure_ptr)
c:/st/stm32cubeide_1.10.1/stm32cubeide/plugins/com.st.stm32cube.ide.mcu.externaltools.gnu-tools-for-stm32.10.3-2021.10.win32_1.0.0.202111181127/tools/bin/../lib/gcc/arm-none-eabi/10.3.1/../../../../arm-none-eabi/lib/thumb/v7e-m+dp/hard\libc_nano.a(lib_a-init.o)
                              c:/st/stm32cubeide_1.10.1/stm32cubeide/plugins/com.st.stm32cube.ide.mcu.externaltools.gnu-tools-for-stm32.10.3-2021.10.win32_1.0.0.202111181127/tools/bin/../lib/gcc/arm-none-eabi/10.3.1/../../../../arm-none-eabi/lib/thumb/v7e-m+dp/hard/crt0.o (__libc_init_array)
c:/st/stm32cubeide_1.10.1/stm32cubeide/plugins/com.st.stm32cube.ide.mcu.externaltools.gnu-tools-for-stm32.10.3-2021.10.win32_1.0.0.202111181127/tools/bin/../lib/gcc/arm-none-eabi/10.3.1/../../../../arm-none-eabi/lib/thumb/v7e-m+dp/hard\libc_nano.a(lib_a-memset.o)
                              c:/st/stm32cubeide_1.10.1/stm32cubeide/plugins/com.st.stm32cube.ide.mcu.externaltools.gnu-tools-for-stm32.10.3-2021.10.win32_1.0.0.202111181127/tools/bin/../lib/gcc/arm-none-eabi/10.3.1/../../../../arm-none-eabi/lib/thumb/v7e-m+dp/hard/crt0.o (memset)
c:/st/stm32cubeide_1.10.1/stm32cubeide/plugins/com.st.stm32cube.ide.mcu.externaltools.gnu-tools-for-stm32.10.3-2021.10.win32_1.0.0.202111181127/tools/bin/../lib/gcc/arm-none-eabi/10.3.1/thumb/v7e-m+dp/hard\libgcc.a(_aeabi_uldivmod.o)
                              ./Drivers/STM32H7xx_HAL_Driver/Src/stm32h7xx_hal_uart.o (__aeabi_uldivmod)
c:/st/stm32cubeide_1.10.1/stm32cubeide/plugins/com.st.stm32cube.ide.mcu.externaltools.gnu-tools-for-stm32.10.3-2021.10.win32_1.0.0.202111181127/tools/bin/../lib/gcc/arm-none-eabi/10.3.1/thumb/v7e-m+dp/hard\libgcc.a(_udivmoddi4.o)
                              c:/st/stm32cubeide_1.10.1/stm32cubeide/plugins/com.st.stm32cube.ide.mcu.externaltools.gnu-tools-for-stm32.10.3-2021.10.win32_1.0.0.202111181127/tools/bin/../lib/gcc/arm-none-eabi/10.3.1/thumb/v7e-m+dp/hard\libgcc.a(_aeabi_uldivmod.o) (__udivmoddi4)
c:/st/stm32cubeide_1.10.1/stm32cubeide/plugins/com.st.stm32cube.ide.mcu.externaltools.gnu-tools-for-stm32.10.3-2021.10.win32_1.0.0.202111181127/tools/bin/../lib/gcc/arm-none-eabi/10.3.1/thumb/v7e-m+dp/hard\libgcc.a(_dvmd_tls.o)
                              c:/st/stm32cubeide_1.10.1/stm32cubeide/plugins/com.st.stm32cube.ide.mcu.externaltools.gnu-tools-for-stm32.10.3-2021.10.win32_1.0.0.202111181127/tools/bin/../lib/gcc/arm-none-eabi/10.3.1/thumb/v7e-m+dp/hard\libgcc.a(_aeabi_uldivmod.o) (__aeabi_ldiv0)

Discarded input sections

 .text          0x0000000000000000        0x0 c:/st/stm32cubeide_1.10.1/stm32cubeide/plugins/com.st.stm32cube.ide.mcu.externaltools.gnu-tools-for-stm32.10.3-2021.10.win32_1.0.0.202111181127/tools/bin/../lib/gcc/arm-none-eabi/10.3.1/thumb/v7e-m+dp/hard/crti.o
 .data          0x0000000000000000        0x0 c:/st/stm32cubeide_1.10.1/stm32cubeide/plugins/com.st.stm32cube.ide.mcu.externaltools.gnu-tools-for-stm32.10.3-2021.10.win32_1.0.0.202111181127/tools/bin/../lib/gcc/arm-none-eabi/10.3.1/thumb/v7e-m+dp/hard/crti.o
[...]
Memory Configuration

Name             Origin             Length             Attributes
ITCMRAM          0x0000000000000000 0x0000000000010000 xrw
DTCMRAM          0x0000000020000000 0x0000000000020000 xrw
FLASH            0x0000000008000000 0x0000000000100000 xr
RAM_D1           0x0000000024000000 0x0000000000050000 xrw
RAM_D2           0x0000000030000000 0x0000000000008000 xrw
RAM_D3           0x0000000038000000 0x0000000000004000 xrw
*default*        0x0000000000000000 0xffffffffffffffff

Linker script and memory map

LOAD c:/st/stm32cubeide_1.10.1/stm32cubeide/plugins/com.st.stm32cube.ide.mcu.externaltools.gnu-tools-for-stm32.10.3-2021.10.win32_1.0.0.202111181127/tools/bin/../lib/gcc/arm-none-eabi/10.3.1/thumb/v7e-m+dp/hard/crti.o
LOAD c:/st/stm32cubeide_1.10.1/stm32cubeide/plugins/com.st.stm32cube.ide.mcu.externaltools.gnu-tools-for-stm32.10.3-2021.10.win32_1.0.0.202111181127/tools/bin/../lib/gcc/arm-none-eabi/10.3.1/thumb/v7e-m+dp/hard/crtbegin.o
LOAD c:/st/stm32cubeide_1.10.1/stm32cubeide/plugins/com.st.stm32cube.ide.mcu.externaltools.gnu-tools-for-stm32.10.3-2021.10.win32_1.0.0.202111181127/tools/bin/../lib/gcc/arm-none-eabi/10.3.1/../../../../arm-none-eabi/lib/thumb/v7e-m+dp/hard/crt0.o
LOAD ./Core/Inc/duration.o
LOAD ./Core/Inc/time.o
LOAD ./Core/Src/main.o
LOAD ./Core/Src/stm32h7xx_hal_msp.o
LOAD ./Core/Src/stm32h7xx_it.o
LOAD ./Core/Src/syscalls.o
LOAD ./Core/Src/sysmem.o
LOAD ./Core/Src/system_stm32h7xx.o
LOAD ./Core/Startup/startup_stm32h723zgtx.o
LOAD ./Drivers/STM32H7xx_HAL_Driver/Src/stm32h7xx_hal.o
LOAD ./Drivers/STM32H7xx_HAL_Driver/Src/stm32h7xx_hal_cortex.o
LOAD ./Drivers/STM32H7xx_HAL_Driver/Src/stm32h7xx_hal_dma.o
LOAD ./Drivers/STM32H7xx_HAL_Driver/Src/stm32h7xx_hal_dma_ex.o
LOAD ./Drivers/STM32H7xx_HAL_Driver/Src/stm32h7xx_hal_eth.o
LOAD ./Drivers/STM32H7xx_HAL_Driver/Src/stm32h7xx_hal_eth_ex.o
LOAD ./Drivers/STM32H7xx_HAL_Driver/Src/stm32h7xx_hal_exti.o
LOAD ./Drivers/STM32H7xx_HAL_Driver/Src/stm32h7xx_hal_flash.o
LOAD ./Drivers/STM32H7xx_HAL_Driver/Src/stm32h7xx_hal_flash_ex.o
LOAD ./Drivers/STM32H7xx_HAL_Driver/Src/stm32h7xx_hal_gpio.o
LOAD ./Drivers/STM32H7xx_HAL_Driver/Src/stm32h7xx_hal_hsem.o
LOAD ./Drivers/STM32H7xx_HAL_Driver/Src/stm32h7xx_hal_i2c.o
LOAD ./Drivers/STM32H7xx_HAL_Driver/Src/stm32h7xx_hal_i2c_ex.o
LOAD ./Drivers/STM32H7xx_HAL_Driver/Src/stm32h7xx_hal_mdma.o
LOAD ./Drivers/STM32H7xx_HAL_Driver/Src/stm32h7xx_hal_pwr.o
LOAD ./Drivers/STM32H7xx_HAL_Driver/Src/stm32h7xx_hal_pwr_ex.o
LOAD ./Drivers/STM32H7xx_HAL_Driver/Src/stm32h7xx_hal_rcc.o
LOAD ./Drivers/STM32H7xx_HAL_Driver/Src/stm32h7xx_hal_rcc_ex.o
LOAD ./Drivers/STM32H7xx_HAL_Driver/Src/stm32h7xx_hal_tim.o
LOAD ./Drivers/STM32H7xx_HAL_Driver/Src/stm32h7xx_hal_tim_ex.o
LOAD ./Drivers/STM32H7xx_HAL_Driver/Src/stm32h7xx_hal_uart.o
LOAD ./Drivers/STM32H7xx_HAL_Driver/Src/stm32h7xx_hal_uart_ex.o
START GROUP
LOAD c:/st/stm32cubeide_1.10.1/stm32cubeide/plugins/com.st.stm32cube.ide.mcu.externaltools.gnu-tools-for-stm32.10.3-2021.10.win32_1.0.0.202111181127/tools/bin/../lib/gcc/arm-none-eabi/10.3.1/../../../../arm-none-eabi/lib/thumb/v7e-m+dp/hard\libstdc++_nano.a
LOAD c:/st/stm32cubeide_1.10.1/stm32cubeide/plugins/com.st.stm32cube.ide.mcu.externaltools.gnu-tools-for-stm32.10.3-2021.10.win32_1.0.0.202111181127/tools/bin/../lib/gcc/arm-none-eabi/10.3.1/../../../../arm-none-eabi/lib/thumb/v7e-m+dp/hard\libsupc++_nano.a
END GROUP
LOAD c:/st/stm32cubeide_1.10.1/stm32cubeide/plugins/com.st.stm32cube.ide.mcu.externaltools.gnu-tools-for-stm32.10.3-2021.10.win32_1.0.0.202111181127/tools/bin/../lib/gcc/arm-none-eabi/10.3.1/../../../../arm-none-eabi/lib/thumb/v7e-m+dp/hard\libstdc++_nano.a
LOAD c:/st/stm32cubeide_1.10.1/stm32cubeide/plugins/com.st.stm32cube.ide.mcu.externaltools.gnu-tools-for-stm32.10.3-2021.10.win32_1.0.0.202111181127/tools/bin/../lib/gcc/arm-none-eabi/10.3.1/../../../../arm-none-eabi/lib/thumb/v7e-m+dp/hard\libm.a
LOAD c:/st/stm32cubeide_1.10.1/stm32cubeide/plugins/com.st.stm32cube.ide.mcu.externaltools.gnu-tools-for-stm32.10.3-2021.10.win32_1.0.0.202111181127/tools/bin/../lib/gcc/arm-none-eabi/10.3.1/../../../../arm-none-eabi/lib/thumb/v7e-m+dp/hard\libc_nano.a
START GROUP
LOAD c:/st/stm32cubeide_1.10.1/stm32cubeide/plugins/com.st.stm32cube.ide.mcu.externaltools.gnu-tools-for-stm32.10.3-2021.10.win32_1.0.0.202111181127/tools/bin/../lib/gcc/arm-none-eabi/10.3.1/thumb/v7e-m+dp/hard\libgcc.a
LOAD c:/st/stm32cubeide_1.10.1/stm32cubeide/plugins/com.st.stm32cube.ide.mcu.externaltools.gnu-tools-for-stm32.10.3-2021.10.win32_1.0.0.202111181127/tools/bin/../lib/gcc/arm-none-eabi/10.3.1/../../../../arm-none-eabi/lib/thumb/v7e-m+dp/hard\libc_nano.a
END GROUP
START GROUP
LOAD c:/st/stm32cubeide_1.10.1/stm32cubeide/plugins/com.st.stm32cube.ide.mcu.externaltools.gnu-tools-for-stm32.10.3-2021.10.win32_1.0.0.202111181127/tools/bin/../lib/gcc/arm-none-eabi/10.3.1/thumb/v7e-m+dp/hard\libgcc.a
LOAD c:/st/stm32cubeide_1.10.1/stm32cubeide/plugins/com.st.stm32cube.ide.mcu.externaltools.gnu-tools-for-stm32.10.3-2021.10.win32_1.0.0.202111181127/tools/bin/../lib/gcc/arm-none-eabi/10.3.1/../../../../arm-none-eabi/lib/thumb/v7e-m+dp/hard\libc_nano.a
END GROUP
LOAD c:/st/stm32cubeide_1.10.1/stm32cubeide/plugins/com.st.stm32cube.ide.mcu.externaltools.gnu-tools-for-stm32.10.3-2021.10.win32_1.0.0.202111181127/tools/bin/../lib/gcc/arm-none-eabi/10.3.1/thumb/v7e-m+dp/hard/crtend.o
LOAD c:/st/stm32cubeide_1.10.1/stm32cubeide/plugins/com.st.stm32cube.ide.mcu.externaltools.gnu-tools-for-stm32.10.3-2021.10.win32_1.0.0.202111181127/tools/bin/../lib/gcc/arm-none-eabi/10.3.1/thumb/v7e-m+dp/hard/crtn.o
                0x0000000024050000                _estack = (ORIGIN (RAM_D1) + LENGTH (RAM_D1))
                0x0000000000000200                _Min_Heap_Size = 0x200
                0x0000000000000400                _Min_Stack_Size = 0x400

.isr_vector     0x0000000008000000      0x2cc
                0x0000000008000000                . = ALIGN (0x4)
 *(.isr_vector)
 .isr_vector    0x0000000008000000      0x2cc ./Core/Startup/startup_stm32h723zgtx.o
                0x0000000008000000                g_pfnVectors
                0x00000000080002cc                . = ALIGN (0x4)

.text           0x00000000080002d0     0xb230
                0x00000000080002d0                . = ALIGN (0x4)
 *(.text)
 .text          0x00000000080002d0       0x40 c:/st/stm32cubeide_1.10.1/stm32cubeide/plugins/com.st.stm32cube.ide.mcu.externaltools.gnu-tools-for-stm32.10.3-2021.10.win32_1.0.0.202111181127/tools/bin/../lib/gcc/arm-none-eabi/10.3.1/thumb/v7e-m+dp/hard/crtbegin.o
 .text          0x0000000008000310       0x30 c:/st/stm32cubeide_1.10.1/stm32cubeide/plugins/com.st.stm32cube.ide.mcu.externaltools.gnu-tools-for-stm32.10.3-2021.10.win32_1.0.0.202111181127/tools/bin/../lib/gcc/arm-none-eabi/10.3.1/thumb/v7e-m+dp/hard\libgcc.a(_aeabi_uldivmod.o)
                0x0000000008000310                __aeabi_uldivmod
 .text          0x0000000008000340      0x2d0 c:/st/stm32cubeide_1.10.1/stm32cubeide/plugins/com.st.stm32cube.ide.mcu.externaltools.gnu-tools-for-stm32.10.3-2021.10.win32_1.0.0.202111181127/tools/bin/../lib/gcc/arm-none-eabi/10.3.1/thumb/v7e-m+dp/hard\libgcc.a(_udivmoddi4.o)
                0x0000000008000340                __udivmoddi4
 .text          0x0000000008000610        0x4 c:/st/stm32cubeide_1.10.1/stm32cubeide/plugins/com.st.stm32cube.ide.mcu.externaltools.gnu-tools-for-stm32.10.3-2021.10.win32_1.0.0.202111181127/tools/bin/../lib/gcc/arm-none-eabi/10.3.1/thumb/v7e-m+dp/hard\libgcc.a(_dvmd_tls.o)
                0x0000000008000610                __aeabi_idiv0
                0x0000000008000610                __aeabi_ldiv0
 *(.text*)
 *fill*         0x0000000008000614        0x4 
 .text.main     0x0000000008000618      0x528 ./Core/Src/main.o
                0x0000000008000618                main
 .text.SystemClock_Config
                0x0000000008000b40       0xe4 ./Core/Src/main.o
                0x0000000008000b40                SystemClock_Config
 .text.MX_ETH_Init
                0x0000000008000c24       0x98 ./Core/Src/main.o
 .text.MX_TIM1_Init
                0x0000000008000cbc       0xa8 ./Core/Src/main.o
 .text.MX_TIM2_Init
                0x0000000008000d64       0xb4 ./Core/Src/main.o
 .text.MX_TIM3_Init
                0x0000000008000e18       0x9c ./Core/Src/main.o
 .text.MX_TIM4_Init
                0x0000000008000eb4       0x9c ./Core/Src/main.o
 .text.MX_TIM5_Init
                0x0000000008000f50       0x9c ./Core/Src/main.o
 .text.MX_TIM8_Init
                0x0000000008000fec      0x120 ./Core/Src/main.o
 .text.MX_TIM12_Init
                0x000000000800110c       0x74 ./Core/Src/main.o
 .text.MX_TIM15_Init
                0x0000000008001180       0xa4 ./Core/Src/main.o
 .text.MX_TIM23_Init
                0x0000000008001224       0xb4 ./Core/Src/main.o
 .text.MX_TIM24_Init
                0x00000000080012d8       0x9c ./Core/Src/main.o
 .text.MX_USART3_UART_Init
                0x0000000008001374       0x98 ./Core/Src/main.o
 .text.MX_USB_OTG_HS_USB_Init
                0x000000000800140c        0xe ./Core/Src/main.o
 *fill*         0x000000000800141a        0x2 
 .text.MX_DMA_Init
                0x000000000800141c       0x50 ./Core/Src/main.o
 .text.MX_GPIO_Init
                0x000000000800146c      0x2a8 ./Core/Src/main.o
 .text.HAL_GPIO_EXTI_Callback
                0x0000000008001714       0x1c ./Core/Src/main.o
                0x0000000008001714                HAL_GPIO_EXTI_Callback
 .text.HAL_TIM_PeriodElapsedCallback
                0x0000000008001730      0x720 ./Core/Src/main.o
                0x0000000008001730                HAL_TIM_PeriodElapsedCallback
 .text.Error_Handler
                0x0000000008001e50        0xa ./Core/Src/main.o
                0x0000000008001e50                Error_Handler
 *fill*         0x0000000008001e5a        0x2 
 .text.HAL_MspInit
                0x0000000008001e5c       0x40 ./Core/Src/stm32h7xx_hal_msp.o
                0x0000000008001e5c                HAL_MspInit
 .text.HAL_ETH_MspInit
                0x0000000008001e9c      0x19c ./Core/Src/stm32h7xx_hal_msp.o
                0x0000000008001e9c                HAL_ETH_MspInit
 .text.HAL_TIM_Base_MspInit
                0x0000000008002038      0x1f4 ./Core/Src/stm32h7xx_hal_msp.o
                0x0000000008002038                HAL_TIM_Base_MspInit
 .text.HAL_TIM_PWM_MspInit
                0x000000000800222c       0xa8 ./Core/Src/stm32h7xx_hal_msp.o
                0x000000000800222c                HAL_TIM_PWM_MspInit
 .text.HAL_TIM_MspPostInit
                0x00000000080022d4      0x114 ./Core/Src/stm32h7xx_hal_msp.o
                0x00000000080022d4                HAL_TIM_MspPostInit
 .text.HAL_UART_MspInit
                0x00000000080023e8      0x1a8 ./Core/Src/stm32h7xx_hal_msp.o
                0x00000000080023e8                HAL_UART_MspInit
 .text.NMI_Handler
                0x0000000008002590        0x6 ./Core/Src/stm32h7xx_it.o
                0x0000000008002590                NMI_Handler
 .text.HardFault_Handler
                0x0000000008002596        0x6 ./Core/Src/stm32h7xx_it.o
                0x0000000008002596                HardFault_Handler
 .text.MemManage_Handler
                0x000000000800259c        0x6 ./Core/Src/stm32h7xx_it.o
                0x000000000800259c                MemManage_Handler
 .text.BusFault_Handler
                0x00000000080025a2        0x6 ./Core/Src/stm32h7xx_it.o
                0x00000000080025a2                BusFault_Handler
 .text.UsageFault_Handler
                0x00000000080025a8        0x6 ./Core/Src/stm32h7xx_it.o
                0x00000000080025a8                UsageFault_Handler
 .text.SVC_Handler
                0x00000000080025ae        0xe ./Core/Src/stm32h7xx_it.o
                0x00000000080025ae                SVC_Handler
 .text.DebugMon_Handler
                0x00000000080025bc        0xe ./Core/Src/stm32h7xx_it.o
                0x00000000080025bc                DebugMon_Handler
 .text.PendSV_Handler
                0x00000000080025ca        0xe ./Core/Src/stm32h7xx_it.o
                0x00000000080025ca                PendSV_Handler
 .text.SysTick_Handler
                0x00000000080025d8        0xc ./Core/Src/stm32h7xx_it.o
                0x00000000080025d8                SysTick_Handler
 .text.RCC_IRQHandler
                0x00000000080025e4        0xe ./Core/Src/stm32h7xx_it.o
                0x00000000080025e4                RCC_IRQHandler
 *fill*         0x00000000080025f2        0x2 
 .text.DMA1_Stream0_IRQHandler
                0x00000000080025f4       0x14 ./Core/Src/stm32h7xx_it.o
                0x00000000080025f4                DMA1_Stream0_IRQHandler
 .text.DMA1_Stream1_IRQHandler
                0x0000000008002608       0x14 ./Core/Src/stm32h7xx_it.o
                0x0000000008002608                DMA1_Stream1_IRQHandler
 .text.EXTI9_5_IRQHandler
                0x000000000800261c       0x14 ./Core/Src/stm32h7xx_it.o
                0x000000000800261c                EXTI9_5_IRQHandler
 .text.TIM1_BRK_IRQHandler
                0x0000000008002630       0x14 ./Core/Src/stm32h7xx_it.o
                0x0000000008002630                TIM1_BRK_IRQHandler
 .text.TIM1_UP_IRQHandler
                0x0000000008002644       0x14 ./Core/Src/stm32h7xx_it.o
                0x0000000008002644                TIM1_UP_IRQHandler
 .text.TIM1_TRG_COM_IRQHandler
                0x0000000008002658       0x14 ./Core/Src/stm32h7xx_it.o
                0x0000000008002658                TIM1_TRG_COM_IRQHandler
 .text.TIM1_CC_IRQHandler
                0x000000000800266c       0x14 ./Core/Src/stm32h7xx_it.o
                0x000000000800266c                TIM1_CC_IRQHandler
 .text.TIM3_IRQHandler
                0x0000000008002680       0x14 ./Core/Src/stm32h7xx_it.o
                0x0000000008002680                TIM3_IRQHandler
 .text.TIM4_IRQHandler
                0x0000000008002694       0x14 ./Core/Src/stm32h7xx_it.o
                0x0000000008002694                TIM4_IRQHandler
 .text.USART3_IRQHandler
                0x00000000080026a8       0x14 ./Core/Src/stm32h7xx_it.o
                0x00000000080026a8                USART3_IRQHandler
 .text.TIM8_BRK_TIM12_IRQHandler
                0x00000000080026bc       0x1c ./Core/Src/stm32h7xx_it.o
                0x00000000080026bc                TIM8_BRK_TIM12_IRQHandler
 .text.TIM5_IRQHandler
                0x00000000080026d8       0x14 ./Core/Src/stm32h7xx_it.o
                0x00000000080026d8                TIM5_IRQHandler
 .text.TIM15_IRQHandler
                0x00000000080026ec       0x14 ./Core/Src/stm32h7xx_it.o
                0x00000000080026ec                TIM15_IRQHandler
 .text.TIM24_IRQHandler
                0x0000000008002700       0x14 ./Core/Src/stm32h7xx_it.o
                0x0000000008002700                TIM24_IRQHandler
 .text.SystemInit
                0x0000000008002714       0xf0 ./Core/Src/system_stm32h7xx.o
                0x0000000008002714                SystemInit
 .text.Reset_Handler
                0x0000000008002804       0x50 ./Core/Startup/startup_stm32h723zgtx.o
                0x0000000008002804                Reset_Handler
 .text.Default_Handler
                0x0000000008002854        0x2 ./Core/Startup/startup_stm32h723zgtx.o
                0x0000000008002854                RTC_Alarm_IRQHandler
                0x0000000008002854                EXTI2_IRQHandler
                0x0000000008002854                TIM8_CC_IRQHandler
                0x0000000008002854                UART8_IRQHandler
                0x0000000008002854                SPI4_IRQHandler
                0x0000000008002854                FDCAN3_IT0_IRQHandler
                0x0000000008002854                BDMA_Channel6_IRQHandler
                0x0000000008002854                DMA2_Stream5_IRQHandler
                0x0000000008002854                DMA1_Stream5_IRQHandler
                0x0000000008002854                CORDIC_IRQHandler
                0x0000000008002854                BDMA_Channel1_IRQHandler
                0x0000000008002854                TAMP_STAMP_IRQHandler
                0x0000000008002854                EXTI3_IRQHandler
                0x0000000008002854                LPTIM4_IRQHandler
                0x0000000008002854                TIM8_TRG_COM_TIM14_IRQHandler
                0x0000000008002854                LPTIM2_IRQHandler
                0x0000000008002854                DFSDM1_FLT1_IRQHandler
                0x0000000008002854                DMAMUX2_OVR_IRQHandler
                0x0000000008002854                TIM8_UP_TIM13_IRQHandler
                0x0000000008002854                I2C3_ER_IRQHandler
                0x0000000008002854                DFSDM1_FLT2_IRQHandler
                0x0000000008002854                I2C5_EV_IRQHandler
                0x0000000008002854                USART10_IRQHandler
                0x0000000008002854                MDMA_IRQHandler
                0x0000000008002854                LPTIM3_IRQHandler
                0x0000000008002854                HSEM1_IRQHandler
                0x0000000008002854                EXTI0_IRQHandler
                0x0000000008002854                I2C2_EV_IRQHandler
                0x0000000008002854                DMA1_Stream2_IRQHandler
                0x0000000008002854                FPU_IRQHandler
                0x0000000008002854                OTG_HS_WKUP_IRQHandler
                0x0000000008002854                FDCAN1_IT1_IRQHandler
                0x0000000008002854                LTDC_ER_IRQHandler
                0x0000000008002854                DMA2_Stream2_IRQHandler
                0x0000000008002854                SPI1_IRQHandler
                0x0000000008002854                OCTOSPI1_IRQHandler
                0x0000000008002854                TIM6_DAC_IRQHandler
                0x0000000008002854                DMA2_Stream3_IRQHandler
                0x0000000008002854                OCTOSPI2_IRQHandler
                0x0000000008002854                DFSDM1_FLT3_IRQHandler
                0x0000000008002854                TIM23_IRQHandler
                0x0000000008002854                USART6_IRQHandler
                0x0000000008002854                TIM17_IRQHandler
                0x0000000008002854                BDMA_Channel7_IRQHandler
                0x0000000008002854                LPTIM5_IRQHandler
                0x0000000008002854                UART5_IRQHandler
                0x0000000008002854                ADC3_IRQHandler
                0x0000000008002854                DMA2_Stream0_IRQHandler
                0x0000000008002854                BDMA_Channel2_IRQHandler
                0x0000000008002854                I2C1_EV_IRQHandler
                0x0000000008002854                DMA1_Stream6_IRQHandler
                0x0000000008002854                DMAMUX1_OVR_IRQHandler
                0x0000000008002854                TIM16_IRQHandler
                0x0000000008002854                UART4_IRQHandler
                0x0000000008002854                BDMA_Channel5_IRQHandler
                0x0000000008002854                UART9_IRQHandler
                0x0000000008002854                Default_Handler
                0x0000000008002854                ECC_IRQHandler
                0x0000000008002854                FMAC_IRQHandler
                0x0000000008002854                CEC_IRQHandler
                0x0000000008002854                EXTI15_10_IRQHandler
                0x0000000008002854                BDMA_Channel0_IRQHandler
                0x0000000008002854                ADC_IRQHandler
                0x0000000008002854                I2C5_ER_IRQHandler
                0x0000000008002854                DMA1_Stream7_IRQHandler
                0x0000000008002854                SPI5_IRQHandler
                0x0000000008002854                TIM7_IRQHandler
                0x0000000008002854                FDCAN3_IT1_IRQHandler
                0x0000000008002854                SDMMC1_IRQHandler
                0x0000000008002854                DMA2_Stream7_IRQHandler
                0x0000000008002854                PVD_AVD_IRQHandler
                0x0000000008002854                I2C3_EV_IRQHandler
                0x0000000008002854                RTC_WKUP_IRQHandler
                0x0000000008002854                LTDC_IRQHandler
                0x0000000008002854                ETH_WKUP_IRQHandler
                0x0000000008002854                SPDIF_RX_IRQHandler
                0x0000000008002854                SPI2_IRQHandler
                0x0000000008002854                OTG_HS_EP1_IN_IRQHandler
                0x0000000008002854                CRS_IRQHandler
                0x0000000008002854                EXTI4_IRQHandler
                0x0000000008002854                RNG_IRQHandler
                0x0000000008002854                FDCAN2_IT1_IRQHandler
                0x0000000008002854                ETH_IRQHandler
                0x0000000008002854                BDMA_Channel4_IRQHandler
                0x0000000008002854                OTG_HS_EP1_OUT_IRQHandler
                0x0000000008002854                WWDG_IRQHandler
                0x0000000008002854                SPI6_IRQHandler
                0x0000000008002854                MDIOS_IRQHandler
                0x0000000008002854                I2C4_EV_IRQHandler
                0x0000000008002854                FDCAN2_IT0_IRQHandler
                0x0000000008002854                LPUART1_IRQHandler
                0x0000000008002854                FDCAN1_IT0_IRQHandler
                0x0000000008002854                TIM2_IRQHandler
                0x0000000008002854                OTG_HS_IRQHandler
                0x0000000008002854                DMA2D_IRQHandler
                0x0000000008002854                EXTI1_IRQHandler
                0x0000000008002854                SDMMC2_IRQHandler
                0x0000000008002854                BDMA_Channel3_IRQHandler
                0x0000000008002854                DTS_IRQHandler
                0x0000000008002854                UART7_IRQHandler
                0x0000000008002854                MDIOS_WKUP_IRQHandler
                0x0000000008002854                USART2_IRQHandler
                0x0000000008002854                DFSDM1_FLT0_IRQHandler
                0x0000000008002854                SAI4_IRQHandler
                0x0000000008002854                I2C2_ER_IRQHandler
                0x0000000008002854                DMA2_Stream1_IRQHandler
                0x0000000008002854                FLASH_IRQHandler
                0x0000000008002854                DMA2_Stream4_IRQHandler
                0x0000000008002854                USART1_IRQHandler
                0x0000000008002854                SPI3_IRQHandler
                0x0000000008002854                WAKEUP_PIN_IRQHandler
                0x0000000008002854                DMA1_Stream4_IRQHandler
                0x0000000008002854                I2C1_ER_IRQHandler
                0x0000000008002854                FMC_IRQHandler
                0x0000000008002854                FDCAN_CAL_IRQHandler
                0x0000000008002854                SWPMI1_IRQHandler
                0x0000000008002854                COMP1_IRQHandler
                0x0000000008002854                LPTIM1_IRQHandler
                0x0000000008002854                DCMI_PSSI_IRQHandler
                0x0000000008002854                I2C4_ER_IRQHandler
                0x0000000008002854                DMA2_Stream6_IRQHandler
                0x0000000008002854                SAI1_IRQHandler
                0x0000000008002854                DMA1_Stream3_IRQHandler
 *fill*         0x0000000008002856        0x2 
 .text.HAL_Init
                0x0000000008002858       0x78 ./Drivers/STM32H7xx_HAL_Driver/Src/stm32h7xx_hal.o
                0x0000000008002858                HAL_Init
 .text.HAL_InitTick
                0x00000000080028d0       0x6c ./Drivers/STM32H7xx_HAL_Driver/Src/stm32h7xx_hal.o
                0x00000000080028d0                HAL_InitTick
 .text.HAL_IncTick
                0x000000000800293c       0x28 ./Drivers/STM32H7xx_HAL_Driver/Src/stm32h7xx_hal.o
                0x000000000800293c                HAL_IncTick
 .text.HAL_GetTick
                0x0000000008002964       0x18 ./Drivers/STM32H7xx_HAL_Driver/Src/stm32h7xx_hal.o
                0x0000000008002964                HAL_GetTick
 .text.HAL_SYSCFG_ETHInterfaceSelect
                0x000000000800297c       0x28 ./Drivers/STM32H7xx_HAL_Driver/Src/stm32h7xx_hal.o
                0x000000000800297c                HAL_SYSCFG_ETHInterfaceSelect
 .text.__NVIC_SetPriorityGrouping
                0x00000000080029a4       0x48 ./Drivers/STM32H7xx_HAL_Driver/Src/stm32h7xx_hal_cortex.o
 .text.__NVIC_GetPriorityGrouping
                0x00000000080029ec       0x1c ./Drivers/STM32H7xx_HAL_Driver/Src/stm32h7xx_hal_cortex.o
 .text.__NVIC_EnableIRQ
                0x0000000008002a08       0x3c ./Drivers/STM32H7xx_HAL_Driver/Src/stm32h7xx_hal_cortex.o
 .text.__NVIC_SetPriority
                0x0000000008002a44       0x54 ./Drivers/STM32H7xx_HAL_Driver/Src/stm32h7xx_hal_cortex.o
 .text.NVIC_EncodePriority
                0x0000000008002a98       0x66 ./Drivers/STM32H7xx_HAL_Driver/Src/stm32h7xx_hal_cortex.o
 *fill*         0x0000000008002afe        0x2 
 .text.__NVIC_SystemReset
                0x0000000008002b00       0x2c ./Drivers/STM32H7xx_HAL_Driver/Src/stm32h7xx_hal_cortex.o
 .text.SysTick_Config
                0x0000000008002b2c       0x44 ./Drivers/STM32H7xx_HAL_Driver/Src/stm32h7xx_hal_cortex.o
 .text.HAL_NVIC_SetPriorityGrouping
                0x0000000008002b70       0x16 ./Drivers/STM32H7xx_HAL_Driver/Src/stm32h7xx_hal_cortex.o
                0x0000000008002b70                HAL_NVIC_SetPriorityGrouping
 .text.HAL_NVIC_SetPriority
                0x0000000008002b86       0x34 ./Drivers/STM32H7xx_HAL_Driver/Src/stm32h7xx_hal_cortex.o
                0x0000000008002b86                HAL_NVIC_SetPriority
 .text.HAL_NVIC_EnableIRQ
                0x0000000008002bba       0x1c ./Drivers/STM32H7xx_HAL_Driver/Src/stm32h7xx_hal_cortex.o
                0x0000000008002bba                HAL_NVIC_EnableIRQ
 .text.HAL_NVIC_SystemReset
                0x0000000008002bd6        0x8 ./Drivers/STM32H7xx_HAL_Driver/Src/stm32h7xx_hal_cortex.o
                0x0000000008002bd6                HAL_NVIC_SystemReset
 .text.HAL_SYSTICK_Config
                0x0000000008002bde       0x18 ./Drivers/STM32H7xx_HAL_Driver/Src/stm32h7xx_hal_cortex.o
                0x0000000008002bde                HAL_SYSTICK_Config
 *fill*         0x0000000008002bf6        0x2 
 .text.HAL_DMA_Init
                0x0000000008002bf8      0x6b4 ./Drivers/STM32H7xx_HAL_Driver/Src/stm32h7xx_hal_dma.o
                0x0000000008002bf8                HAL_DMA_Init
 .text.HAL_DMA_Abort
                0x00000000080032ac      0x63c ./Drivers/STM32H7xx_HAL_Driver/Src/stm32h7xx_hal_dma.o
                0x00000000080032ac                HAL_DMA_Abort
 .text.HAL_DMA_Abort_IT
                0x00000000080038e8      0x48c ./Drivers/STM32H7xx_HAL_Driver/Src/stm32h7xx_hal_dma.o
                0x00000000080038e8                HAL_DMA_Abort_IT
 .text.HAL_DMA_IRQHandler
                0x0000000008003d74      0xe54 ./Drivers/STM32H7xx_HAL_Driver/Src/stm32h7xx_hal_dma.o
                0x0000000008003d74                HAL_DMA_IRQHandler
 .text.DMA_CalcBaseAndBitshift
                0x0000000008004bc8      0x164 ./Drivers/STM32H7xx_HAL_Driver/Src/stm32h7xx_hal_dma.o
 .text.DMA_CheckFifoParam
                0x0000000008004d2c       0xf8 ./Drivers/STM32H7xx_HAL_Driver/Src/stm32h7xx_hal_dma.o
 .text.DMA_CalcDMAMUXChannelBaseAndMask
                0x0000000008004e24      0x134 ./Drivers/STM32H7xx_HAL_Driver/Src/stm32h7xx_hal_dma.o
 .text.DMA_CalcDMAMUXRequestGenBaseAndMask
                0x0000000008004f58       0xe8 ./Drivers/STM32H7xx_HAL_Driver/Src/stm32h7xx_hal_dma.o
 .text.HAL_ETH_Init
                0x0000000008005040      0x1cc ./Drivers/STM32H7xx_HAL_Driver/Src/stm32h7xx_hal_eth.o
                0x0000000008005040                HAL_ETH_Init
 .text.HAL_ETH_SetMDIOClockRange
                0x000000000800520c       0xb0 ./Drivers/STM32H7xx_HAL_Driver/Src/stm32h7xx_hal_eth.o
                0x000000000800520c                HAL_ETH_SetMDIOClockRange
 .text.ETH_SetMACConfig
                0x00000000080052bc      0x238 ./Drivers/STM32H7xx_HAL_Driver/Src/stm32h7xx_hal_eth.o
 .text.ETH_SetDMAConfig
                0x00000000080054f4      0x10c ./Drivers/STM32H7xx_HAL_Driver/Src/stm32h7xx_hal_eth.o
 .text.ETH_MACDMAConfig
                0x0000000008005600      0x13a ./Drivers/STM32H7xx_HAL_Driver/Src/stm32h7xx_hal_eth.o
 .text.ETH_DMATxDescListInit
                0x000000000800573a       0x92 ./Drivers/STM32H7xx_HAL_Driver/Src/stm32h7xx_hal_eth.o
 .text.ETH_DMARxDescListInit
                0x00000000080057cc       0xba ./Drivers/STM32H7xx_HAL_Driver/Src/stm32h7xx_hal_eth.o
 *fill*         0x0000000008005886        0x2 
 .text.HAL_GPIO_Init
                0x0000000008005888      0x350 ./Drivers/STM32H7xx_HAL_Driver/Src/stm32h7xx_hal_gpio.o
                0x0000000008005888                HAL_GPIO_Init
 .text.HAL_GPIO_WritePin
                0x0000000008005bd8       0x32 ./Drivers/STM32H7xx_HAL_Driver/Src/stm32h7xx_hal_gpio.o
                0x0000000008005bd8                HAL_GPIO_WritePin
 .text.HAL_GPIO_TogglePin
                0x0000000008005c0a       0x34 ./Drivers/STM32H7xx_HAL_Driver/Src/stm32h7xx_hal_gpio.o
                0x0000000008005c0a                HAL_GPIO_TogglePin
 .text.HAL_GPIO_EXTI_IRQHandler
                0x0000000008005c3e       0x34 ./Drivers/STM32H7xx_HAL_Driver/Src/stm32h7xx_hal_gpio.o
                0x0000000008005c3e                HAL_GPIO_EXTI_IRQHandler
 *fill*         0x0000000008005c72        0x2 
 .text.HAL_PWREx_ConfigSupply
                0x0000000008005c74       0x74 ./Drivers/STM32H7xx_HAL_Driver/Src/stm32h7xx_hal_pwr_ex.o
                0x0000000008005c74                HAL_PWREx_ConfigSupply
 .text.HAL_RCC_OscConfig
                0x0000000008005ce8      0x75c ./Drivers/STM32H7xx_HAL_Driver/Src/stm32h7xx_hal_rcc.o
                0x0000000008005ce8                HAL_RCC_OscConfig
 .text.HAL_RCC_ClockConfig
                0x0000000008006444      0x36c ./Drivers/STM32H7xx_HAL_Driver/Src/stm32h7xx_hal_rcc.o
                0x0000000008006444                HAL_RCC_ClockConfig
 .text.HAL_RCC_GetSysClockFreq
                0x00000000080067b0      0x2f4 ./Drivers/STM32H7xx_HAL_Driver/Src/stm32h7xx_hal_rcc.o
                0x00000000080067b0                HAL_RCC_GetSysClockFreq
 .text.HAL_RCC_GetHCLKFreq
                0x0000000008006aa4       0x60 ./Drivers/STM32H7xx_HAL_Driver/Src/stm32h7xx_hal_rcc.o
                0x0000000008006aa4                HAL_RCC_GetHCLKFreq
 .text.HAL_RCC_GetPCLK1Freq
                0x0000000008006b04       0x2c ./Drivers/STM32H7xx_HAL_Driver/Src/stm32h7xx_hal_rcc.o
                0x0000000008006b04                HAL_RCC_GetPCLK1Freq
 .text.HAL_RCC_GetPCLK2Freq
                0x0000000008006b30       0x2c ./Drivers/STM32H7xx_HAL_Driver/Src/stm32h7xx_hal_rcc.o
                0x0000000008006b30                HAL_RCC_GetPCLK2Freq
 .text.HAL_RCCEx_PeriphCLKConfig
                0x0000000008006b5c      0xdf4 ./Drivers/STM32H7xx_HAL_Driver/Src/stm32h7xx_hal_rcc_ex.o
                0x0000000008006b5c                HAL_RCCEx_PeriphCLKConfig
 .text.HAL_RCCEx_GetD3PCLK1Freq
                0x0000000008007950       0x2c ./Drivers/STM32H7xx_HAL_Driver/Src/stm32h7xx_hal_rcc_ex.o
                0x0000000008007950                HAL_RCCEx_GetD3PCLK1Freq
 .text.HAL_RCCEx_GetPLL2ClockFreq
                0x000000000800797c      0x2a8 ./Drivers/STM32H7xx_HAL_Driver/Src/stm32h7xx_hal_rcc_ex.o
                0x000000000800797c                HAL_RCCEx_GetPLL2ClockFreq
 .text.HAL_RCCEx_GetPLL3ClockFreq
                0x0000000008007c24      0x2a8 ./Drivers/STM32H7xx_HAL_Driver/Src/stm32h7xx_hal_rcc_ex.o
                0x0000000008007c24                HAL_RCCEx_GetPLL3ClockFreq
 .text.RCCEx_PLL2_Config
                0x0000000008007ecc      0x164 ./Drivers/STM32H7xx_HAL_Driver/Src/stm32h7xx_hal_rcc_ex.o
 .text.RCCEx_PLL3_Config
                0x0000000008008030      0x164 ./Drivers/STM32H7xx_HAL_Driver/Src/stm32h7xx_hal_rcc_ex.o
 .text.HAL_TIM_Base_Init
                0x0000000008008194       0xae ./Drivers/STM32H7xx_HAL_Driver/Src/stm32h7xx_hal_tim.o
                0x0000000008008194                HAL_TIM_Base_Init
 *fill*         0x0000000008008242        0x2 
 .text.HAL_TIM_Base_Start_IT
                0x0000000008008244      0x10c ./Drivers/STM32H7xx_HAL_Driver/Src/stm32h7xx_hal_tim.o
                0x0000000008008244                HAL_TIM_Base_Start_IT
 .text.HAL_TIM_PWM_Init
                0x0000000008008350       0xae ./Drivers/STM32H7xx_HAL_Driver/Src/stm32h7xx_hal_tim.o
                0x0000000008008350                HAL_TIM_PWM_Init
 *fill*         0x00000000080083fe        0x2 
 .text.HAL_TIM_PWM_Start
                0x0000000008008400      0x238 ./Drivers/STM32H7xx_HAL_Driver/Src/stm32h7xx_hal_tim.o
                0x0000000008008400                HAL_TIM_PWM_Start
 .text.HAL_TIM_IRQHandler
                0x0000000008008638      0x23e ./Drivers/STM32H7xx_HAL_Driver/Src/stm32h7xx_hal_tim.o
                0x0000000008008638                HAL_TIM_IRQHandler
 *fill*         0x0000000008008876        0x2 
 .text.HAL_TIM_PWM_ConfigChannel
                0x0000000008008878      0x228 ./Drivers/STM32H7xx_HAL_Driver/Src/stm32h7xx_hal_tim.o
                0x0000000008008878                HAL_TIM_PWM_ConfigChannel
 .text.HAL_TIM_ConfigClockSource
                0x0000000008008aa0      0x1f0 ./Drivers/STM32H7xx_HAL_Driver/Src/stm32h7xx_hal_tim.o
                0x0000000008008aa0                HAL_TIM_ConfigClockSource
 .text.HAL_TIM_OC_DelayElapsedCallback
                0x0000000008008c90       0x14 ./Drivers/STM32H7xx_HAL_Driver/Src/stm32h7xx_hal_tim.o
                0x0000000008008c90                HAL_TIM_OC_DelayElapsedCallback
 .text.HAL_TIM_IC_CaptureCallback
                0x0000000008008ca4       0x14 ./Drivers/STM32H7xx_HAL_Driver/Src/stm32h7xx_hal_tim.o
                0x0000000008008ca4                HAL_TIM_IC_CaptureCallback
 .text.HAL_TIM_PWM_PulseFinishedCallback
                0x0000000008008cb8       0x14 ./Drivers/STM32H7xx_HAL_Driver/Src/stm32h7xx_hal_tim.o
                0x0000000008008cb8                HAL_TIM_PWM_PulseFinishedCallback
 .text.HAL_TIM_TriggerCallback
                0x0000000008008ccc       0x14 ./Drivers/STM32H7xx_HAL_Driver/Src/stm32h7xx_hal_tim.o
                0x0000000008008ccc                HAL_TIM_TriggerCallback
 .text.TIM_Base_SetConfig
                0x0000000008008ce0      0x14c ./Drivers/STM32H7xx_HAL_Driver/Src/stm32h7xx_hal_tim.o
                0x0000000008008ce0                TIM_Base_SetConfig
 .text.TIM_OC1_SetConfig
                0x0000000008008e2c      0x120 ./Drivers/STM32H7xx_HAL_Driver/Src/stm32h7xx_hal_tim.o
 .text.TIM_OC2_SetConfig
                0x0000000008008f4c      0x114 ./Drivers/STM32H7xx_HAL_Driver/Src/stm32h7xx_hal_tim.o
                0x0000000008008f4c                TIM_OC2_SetConfig
 .text.TIM_OC3_SetConfig
                0x0000000008009060      0x110 ./Drivers/STM32H7xx_HAL_Driver/Src/stm32h7xx_hal_tim.o
 .text.TIM_OC4_SetConfig
                0x0000000008009170       0xd4 ./Drivers/STM32H7xx_HAL_Driver/Src/stm32h7xx_hal_tim.o
 .text.TIM_OC5_SetConfig
                0x0000000008009244       0xc8 ./Drivers/STM32H7xx_HAL_Driver/Src/stm32h7xx_hal_tim.o
 .text.TIM_OC6_SetConfig
                0x000000000800930c       0xcc ./Drivers/STM32H7xx_HAL_Driver/Src/stm32h7xx_hal_tim.o
 .text.TIM_TI1_ConfigInputStage
                0x00000000080093d8       0x5e ./Drivers/STM32H7xx_HAL_Driver/Src/stm32h7xx_hal_tim.o
 .text.TIM_TI2_ConfigInputStage
                0x0000000008009436       0x60 ./Drivers/STM32H7xx_HAL_Driver/Src/stm32h7xx_hal_tim.o
 *fill*         0x0000000008009496        0x2 
 .text.TIM_ITRx_SetConfig
                0x0000000008009498       0x3c ./Drivers/STM32H7xx_HAL_Driver/Src/stm32h7xx_hal_tim.o
 .text.TIM_ETR_SetConfig
                0x00000000080094d4       0x40 ./Drivers/STM32H7xx_HAL_Driver/Src/stm32h7xx_hal_tim.o
                0x00000000080094d4                TIM_ETR_SetConfig
 .text.TIM_CCxChannelCmd
                0x0000000008009514       0x4a ./Drivers/STM32H7xx_HAL_Driver/Src/stm32h7xx_hal_tim.o
                0x0000000008009514                TIM_CCxChannelCmd
 *fill*         0x000000000800955e        0x2 
 .text.HAL_TIMEx_MasterConfigSynchronization
                0x0000000008009560      0x138 ./Drivers/STM32H7xx_HAL_Driver/Src/stm32h7xx_hal_tim_ex.o
                0x0000000008009560                HAL_TIMEx_MasterConfigSynchronization
 .text.HAL_TIMEx_ConfigBreakDeadTime
                0x0000000008009698      0x140 ./Drivers/STM32H7xx_HAL_Driver/Src/stm32h7xx_hal_tim_ex.o
                0x0000000008009698                HAL_TIMEx_ConfigBreakDeadTime
 .text.HAL_TIMEx_CommutCallback
                0x00000000080097d8       0x14 ./Drivers/STM32H7xx_HAL_Driver/Src/stm32h7xx_hal_tim_ex.o
                0x00000000080097d8                HAL_TIMEx_CommutCallback
 .text.HAL_TIMEx_BreakCallback
                0x00000000080097ec       0x14 ./Drivers/STM32H7xx_HAL_Driver/Src/stm32h7xx_hal_tim_ex.o
                0x00000000080097ec                HAL_TIMEx_BreakCallback
 .text.HAL_TIMEx_Break2Callback
                0x0000000008009800       0x14 ./Drivers/STM32H7xx_HAL_Driver/Src/stm32h7xx_hal_tim_ex.o
                0x0000000008009800                HAL_TIMEx_Break2Callback
 .text.HAL_UART_Init
                0x0000000008009814       0xa0 ./Drivers/STM32H7xx_HAL_Driver/Src/stm32h7xx_hal_uart.o
                0x0000000008009814                HAL_UART_Init
 .text.HAL_UART_IRQHandler
                0x00000000080098b4      0x73c ./Drivers/STM32H7xx_HAL_Driver/Src/stm32h7xx_hal_uart.o
                0x00000000080098b4                HAL_UART_IRQHandler
 .text.HAL_UART_TxCpltCallback
                0x0000000008009ff0       0x14 ./Drivers/STM32H7xx_HAL_Driver/Src/stm32h7xx_hal_uart.o
                0x0000000008009ff0                HAL_UART_TxCpltCallback
 .text.HAL_UART_ErrorCallback
                0x000000000800a004       0x14 ./Drivers/STM32H7xx_HAL_Driver/Src/stm32h7xx_hal_uart.o
                0x000000000800a004                HAL_UART_ErrorCallback
 .text.HAL_UARTEx_RxEventCallback
                0x000000000800a018       0x18 ./Drivers/STM32H7xx_HAL_Driver/Src/stm32h7xx_hal_uart.o
                0x000000000800a018                HAL_UARTEx_RxEventCallback
 .text.UART_SetConfig
                0x000000000800a030      0xcd8 ./Drivers/STM32H7xx_HAL_Driver/Src/stm32h7xx_hal_uart.o
                0x000000000800a030                UART_SetConfig
 .text.UART_AdvFeatureConfig
                0x000000000800ad08      0x144 ./Drivers/STM32H7xx_HAL_Driver/Src/stm32h7xx_hal_uart.o
                0x000000000800ad08                UART_AdvFeatureConfig
 .text.UART_CheckIdleState
                0x000000000800ae4c       0x96 ./Drivers/STM32H7xx_HAL_Driver/Src/stm32h7xx_hal_uart.o
                0x000000000800ae4c                UART_CheckIdleState
 .text.UART_WaitOnFlagUntilTimeout
                0x000000000800aee2      0x190 ./Drivers/STM32H7xx_HAL_Driver/Src/stm32h7xx_hal_uart.o
                0x000000000800aee2                UART_WaitOnFlagUntilTimeout
 *fill*         0x000000000800b072        0x2 
 .text.UART_EndRxTransfer
                0x000000000800b074       0xcc ./Drivers/STM32H7xx_HAL_Driver/Src/stm32h7xx_hal_uart.o
 .text.UART_DMAAbortOnError
                0x000000000800b140       0x2c ./Drivers/STM32H7xx_HAL_Driver/Src/stm32h7xx_hal_uart.o
 .text.UART_EndTransmit_IT
                0x000000000800b16c       0x56 ./Drivers/STM32H7xx_HAL_Driver/Src/stm32h7xx_hal_uart.o
 .text.HAL_UARTEx_WakeupCallback
                0x000000000800b1c2       0x14 ./Drivers/STM32H7xx_HAL_Driver/Src/stm32h7xx_hal_uart_ex.o
                0x000000000800b1c2                HAL_UARTEx_WakeupCallback
 .text.HAL_UARTEx_RxFifoFullCallback
                0x000000000800b1d6       0x14 ./Drivers/STM32H7xx_HAL_Driver/Src/stm32h7xx_hal_uart_ex.o
                0x000000000800b1d6                HAL_UARTEx_RxFifoFullCallback
 .text.HAL_UARTEx_TxFifoEmptyCallback
                0x000000000800b1ea       0x14 ./Drivers/STM32H7xx_HAL_Driver/Src/stm32h7xx_hal_uart_ex.o
                0x000000000800b1ea                HAL_UARTEx_TxFifoEmptyCallback
 .text.HAL_UARTEx_DisableFifoMode
                0x000000000800b1fe       0x72 ./Drivers/STM32H7xx_HAL_Driver/Src/stm32h7xx_hal_uart_ex.o
                0x000000000800b1fe                HAL_UARTEx_DisableFifoMode
 .text.HAL_UARTEx_SetTxFifoThreshold
                0x000000000800b270       0x7c ./Drivers/STM32H7xx_HAL_Driver/Src/stm32h7xx_hal_uart_ex.o
                0x000000000800b270                HAL_UARTEx_SetTxFifoThreshold
 .text.HAL_UARTEx_SetRxFifoThreshold
                0x000000000800b2ec       0x7c ./Drivers/STM32H7xx_HAL_Driver/Src/stm32h7xx_hal_uart_ex.o
                0x000000000800b2ec                HAL_UARTEx_SetRxFifoThreshold
 .text.UARTEx_SetNbDataToProcess
                0x000000000800b368       0x9c ./Drivers/STM32H7xx_HAL_Driver/Src/stm32h7xx_hal_uart_ex.o
 .text.round    0x000000000800b404       0x8c c:/st/stm32cubeide_1.10.1/stm32cubeide/plugins/com.st.stm32cube.ide.mcu.externaltools.gnu-tools-for-stm32.10.3-2021.10.win32_1.0.0.202111181127/tools/bin/../lib/gcc/arm-none-eabi/10.3.1/../../../../arm-none-eabi/lib/thumb/v7e-m+dp/hard\libm.a(lib_a-s_round.o)
                0x000000000800b404                round
 .text.__libc_init_array
                0x000000000800b490       0x48 c:/st/stm32cubeide_1.10.1/stm32cubeide/plugins/com.st.stm32cube.ide.mcu.externaltools.gnu-tools-for-stm32.10.3-2021.10.win32_1.0.0.202111181127/tools/bin/../lib/gcc/arm-none-eabi/10.3.1/../../../../arm-none-eabi/lib/thumb/v7e-m+dp/hard\libc_nano.a(lib_a-init.o)
                0x000000000800b490                __libc_init_array
 .text.memset   0x000000000800b4d8       0x10 c:/st/stm32cubeide_1.10.1/stm32cubeide/plugins/com.st.stm32cube.ide.mcu.externaltools.gnu-tools-for-stm32.10.3-2021.10.win32_1.0.0.202111181127/tools/bin/../lib/gcc/arm-none-eabi/10.3.1/../../../../arm-none-eabi/lib/thumb/v7e-m+dp/hard\libc_nano.a(lib_a-memset.o)
                0x000000000800b4d8                memset
 *(.glue_7)
 .glue_7        0x000000000800b4e8        0x0 linker stubs
 *(.glue_7t)
 .glue_7t       0x000000000800b4e8        0x0 linker stubs
 *(.eh_frame)
 .eh_frame      0x000000000800b4e8        0x0 c:/st/stm32cubeide_1.10.1/stm32cubeide/plugins/com.st.stm32cube.ide.mcu.externaltools.gnu-tools-for-stm32.10.3-2021.10.win32_1.0.0.202111181127/tools/bin/../lib/gcc/arm-none-eabi/10.3.1/thumb/v7e-m+dp/hard/crtbegin.o
 *(.init)
 .init          0x000000000800b4e8        0x4 c:/st/stm32cubeide_1.10.1/stm32cubeide/plugins/com.st.stm32cube.ide.mcu.externaltools.gnu-tools-for-stm32.10.3-2021.10.win32_1.0.0.202111181127/tools/bin/../lib/gcc/arm-none-eabi/10.3.1/thumb/v7e-m+dp/hard/crti.o
                0x000000000800b4e8                _init
 .init          0x000000000800b4ec        0x8 c:/st/stm32cubeide_1.10.1/stm32cubeide/plugins/com.st.stm32cube.ide.mcu.externaltools.gnu-tools-for-stm32.10.3-2021.10.win32_1.0.0.202111181127/tools/bin/../lib/gcc/arm-none-eabi/10.3.1/thumb/v7e-m+dp/hard/crtn.o
 *(.fini)
 .fini          0x000000000800b4f4        0x4 c:/st/stm32cubeide_1.10.1/stm32cubeide/plugins/com.st.stm32cube.ide.mcu.externaltools.gnu-tools-for-stm32.10.3-2021.10.win32_1.0.0.202111181127/tools/bin/../lib/gcc/arm-none-eabi/10.3.1/thumb/v7e-m+dp/hard/crti.o
                0x000000000800b4f4                _fini
 .fini          0x000000000800b4f8        0x8 c:/st/stm32cubeide_1.10.1/stm32cubeide/plugins/com.st.stm32cube.ide.mcu.externaltools.gnu-tools-for-stm32.10.3-2021.10.win32_1.0.0.202111181127/tools/bin/../lib/gcc/arm-none-eabi/10.3.1/thumb/v7e-m+dp/hard/crtn.o
                0x000000000800b500                . = ALIGN (0x4)
                0x000000000800b500                _etext = .

.vfp11_veneer   0x000000000800b500        0x0
 .vfp11_veneer  0x000000000800b500        0x0 linker stubs

.v4_bx          0x000000000800b500        0x0
 .v4_bx         0x000000000800b500        0x0 linker stubs

.iplt           0x000000000800b500        0x0
 .iplt          0x000000000800b500        0x0 c:/st/stm32cubeide_1.10.1/stm32cubeide/plugins/com.st.stm32cube.ide.mcu.externaltools.gnu-tools-for-stm32.10.3-2021.10.win32_1.0.0.202111181127/tools/bin/../lib/gcc/arm-none-eabi/10.3.1/thumb/v7e-m+dp/hard/crtbegin.o

.rodata         0x000000000800b500       0x40
                0x000000000800b500                . = ALIGN (0x4)
 *(.rodata)
 *(.rodata*)
 .rodata.D1CorePrescTable
                0x000000000800b500       0x10 ./Core/Src/system_stm32h7xx.o
                0x000000000800b500                D1CorePrescTable
 .rodata.flagBitshiftOffset.0
                0x000000000800b510        0x8 ./Drivers/STM32H7xx_HAL_Driver/Src/stm32h7xx_hal_dma.o
 .rodata.UARTPrescTable
                0x000000000800b518       0x18 ./Drivers/STM32H7xx_HAL_Driver/Src/stm32h7xx_hal_uart.o
                0x000000000800b518                UARTPrescTable
 .rodata.numerator.1
                0x000000000800b530        0x8 ./Drivers/STM32H7xx_HAL_Driver/Src/stm32h7xx_hal_uart_ex.o
 .rodata.denominator.0
                0x000000000800b538        0x8 ./Drivers/STM32H7xx_HAL_Driver/Src/stm32h7xx_hal_uart_ex.o
                0x000000000800b540                . = ALIGN (0x4)

.ARM.extab
 *(.ARM.extab* .gnu.linkonce.armextab.*)

.ARM            0x000000000800b540        0x8
                0x000000000800b540                __exidx_start = .
 *(.ARM.exidx*)
 .ARM.exidx     0x000000000800b540        0x8 c:/st/stm32cubeide_1.10.1/stm32cubeide/plugins/com.st.stm32cube.ide.mcu.externaltools.gnu-tools-for-stm32.10.3-2021.10.win32_1.0.0.202111181127/tools/bin/../lib/gcc/arm-none-eabi/10.3.1/thumb/v7e-m+dp/hard\libgcc.a(_udivmoddi4.o)
                0x000000000800b548                __exidx_end = .

.rel.dyn        0x000000000800b548        0x0
 .rel.iplt      0x000000000800b548        0x0 c:/st/stm32cubeide_1.10.1/stm32cubeide/plugins/com.st.stm32cube.ide.mcu.externaltools.gnu-tools-for-stm32.10.3-2021.10.win32_1.0.0.202111181127/tools/bin/../lib/gcc/arm-none-eabi/10.3.1/thumb/v7e-m+dp/hard/crtbegin.o

.preinit_array  0x000000000800b548        0x0
                0x000000000800b548                PROVIDE (__preinit_array_start = .)
 *(.preinit_array*)
                0x000000000800b548                PROVIDE (__preinit_array_end = .)

.init_array     0x000000000800b548        0x4
                0x000000000800b548                PROVIDE (__init_array_start = .)
 *(SORT_BY_NAME(.init_array.*))
 *(.init_array*)
 .init_array    0x000000000800b548        0x4 c:/st/stm32cubeide_1.10.1/stm32cubeide/plugins/com.st.stm32cube.ide.mcu.externaltools.gnu-tools-for-stm32.10.3-2021.10.win32_1.0.0.202111181127/tools/bin/../lib/gcc/arm-none-eabi/10.3.1/thumb/v7e-m+dp/hard/crtbegin.o
                0x000000000800b54c                PROVIDE (__init_array_end = .)

.fini_array     0x000000000800b54c        0x4
                [!provide]                        PROVIDE (__fini_array_start = .)
 *(SORT_BY_NAME(.fini_array.*))
 *(.fini_array*)
 .fini_array    0x000000000800b54c        0x4 c:/st/stm32cubeide_1.10.1/stm32cubeide/plugins/com.st.stm32cube.ide.mcu.externaltools.gnu-tools-for-stm32.10.3-2021.10.win32_1.0.0.202111181127/tools/bin/../lib/gcc/arm-none-eabi/10.3.1/thumb/v7e-m+dp/hard/crtbegin.o
                [!provide]                        PROVIDE (__fini_array_end = .)
                0x000000000800b550                _sidata = LOADADDR (.data)

.data           0x0000000024000000       0x60 load address 0x000000000800b550
                0x0000000024000000                . = ALIGN (0x4)
                0x0000000024000000                _sdata = .
 *(.data)
 *(.data*)
 .data.Switch   0x0000000024000000        0x4 ./Core/Src/main.o
                0x0000000024000000                Switch
 *fill*         0x0000000024000004        0x4 
 .data.ratio    0x0000000024000008        0x8 ./Core/Src/main.o
                0x0000000024000008                ratio
 .data.ratio_3  0x0000000024000010        0x8 ./Core/Src/main.o
                0x0000000024000010                ratio_3
 .data.direction_1
                0x0000000024000018        0x4 ./Core/Src/main.o
                0x0000000024000018                direction_1
 .data.max_speed_1
                0x000000002400001c        0x4 ./Core/Src/main.o
                0x000000002400001c                max_speed_1
 .data.max_speed_2
                0x0000000024000020        0x4 ./Core/Src/main.o
                0x0000000024000020                max_speed_2
 .data.max_speed_3
                0x0000000024000024        0x4 ./Core/Src/main.o
                0x0000000024000024                max_speed_3
 .data.initial_speed
                0x0000000024000028        0x4 ./Core/Src/main.o
                0x0000000024000028                initial_speed
 .data.ARR_1    0x000000002400002c        0x4 ./Core/Src/main.o
                0x000000002400002c                ARR_1
 .data.ARR_2    0x0000000024000030        0x4 ./Core/Src/main.o
                0x0000000024000030                ARR_2
 .data.ARR_3    0x0000000024000034        0x4 ./Core/Src/main.o
                0x0000000024000034                ARR_3
 .data.error_1  0x0000000024000038        0x4 ./Core/Src/main.o
                0x0000000024000038                error_1
 .data.error_2  0x000000002400003c        0x4 ./Core/Src/main.o
                0x000000002400003c                error_2
 .data.error_3  0x0000000024000040        0x4 ./Core/Src/main.o
                0x0000000024000040                error_3
 *fill*         0x0000000024000044        0x4 
 .data.percent  0x0000000024000048        0x8 ./Core/Src/main.o
                0x0000000024000048                percent
 .data.SystemCoreClock
                0x0000000024000050        0x4 ./Core/Src/system_stm32h7xx.o
                0x0000000024000050                SystemCoreClock
 .data.SystemD2Clock
                0x0000000024000054        0x4 ./Core/Src/system_stm32h7xx.o
                0x0000000024000054                SystemD2Clock
 .data.uwTickPrio
                0x0000000024000058        0x4 ./Drivers/STM32H7xx_HAL_Driver/Src/stm32h7xx_hal.o
                0x0000000024000058                uwTickPrio
 .data.uwTickFreq
                0x000000002400005c        0x1 ./Drivers/STM32H7xx_HAL_Driver/Src/stm32h7xx_hal.o
                0x000000002400005c                uwTickFreq
 *(.RamFunc)
 *(.RamFunc*)
                0x0000000024000060                . = ALIGN (0x4)
 *fill*         0x000000002400005d        0x3 
                0x0000000024000060                _edata = .

.igot.plt       0x0000000024000060        0x0 load address 0x000000000800b5b0
 .igot.plt      0x0000000024000060        0x0 c:/st/stm32cubeide_1.10.1/stm32cubeide/plugins/com.st.stm32cube.ide.mcu.externaltools.gnu-tools-for-stm32.10.3-2021.10.win32_1.0.0.202111181127/tools/bin/../lib/gcc/arm-none-eabi/10.3.1/thumb/v7e-m+dp/hard/crtbegin.o

.RxDecripSection
                0x0000000024000060       0x60 load address 0x000000000800b5b0
 .RxDecripSection
                0x0000000024000060       0x60 ./Core/Src/main.o
                0x0000000024000060                DMARxDscrTab

.TxDecripSection
                0x00000000240000c0       0x60 load address 0x000000000800b610
 .TxDecripSection
                0x00000000240000c0       0x60 ./Core/Src/main.o
                0x00000000240000c0                DMATxDscrTab
                0x0000000024000120                . = ALIGN (0x4)

.bss            0x0000000024000120      0x634 load address 0x000000000800b670
                0x0000000024000120                _sbss = .
                0x0000000024000120                __bss_start__ = _sbss
 *(.bss)
 .bss           0x0000000024000120       0x1c c:/st/stm32cubeide_1.10.1/stm32cubeide/plugins/com.st.stm32cube.ide.mcu.externaltools.gnu-tools-for-stm32.10.3-2021.10.win32_1.0.0.202111181127/tools/bin/../lib/gcc/arm-none-eabi/10.3.1/thumb/v7e-m+dp/hard/crtbegin.o
 *(.bss*)
 .bss.TxConfig  0x000000002400013c       0x38 ./Core/Src/main.o
                0x000000002400013c                TxConfig
 .bss.heth      0x0000000024000174       0xb0 ./Core/Src/main.o
                0x0000000024000174                heth
 .bss.htim1     0x0000000024000224       0x4c ./Core/Src/main.o
                0x0000000024000224                htim1
 .bss.htim2     0x0000000024000270       0x4c ./Core/Src/main.o
                0x0000000024000270                htim2
 .bss.htim3     0x00000000240002bc       0x4c ./Core/Src/main.o
                0x00000000240002bc                htim3
 .bss.htim4     0x0000000024000308       0x4c ./Core/Src/main.o
                0x0000000024000308                htim4
 .bss.htim5     0x0000000024000354       0x4c ./Core/Src/main.o
                0x0000000024000354                htim5
 .bss.htim8     0x00000000240003a0       0x4c ./Core/Src/main.o
                0x00000000240003a0                htim8
 .bss.htim12    0x00000000240003ec       0x4c ./Core/Src/main.o
                0x00000000240003ec                htim12
 .bss.htim15    0x0000000024000438       0x4c ./Core/Src/main.o
                0x0000000024000438                htim15
 .bss.htim23    0x0000000024000484       0x4c ./Core/Src/main.o
                0x0000000024000484                htim23
 .bss.htim24    0x00000000240004d0       0x4c ./Core/Src/main.o
                0x00000000240004d0                htim24
 .bss.huart3    0x000000002400051c       0x90 ./Core/Src/main.o
                0x000000002400051c                huart3
 .bss.hdma_usart3_rx
                0x00000000240005ac       0x78 ./Core/Src/main.o
                0x00000000240005ac                hdma_usart3_rx
 .bss.hdma_usart3_tx
                0x0000000024000624       0x78 ./Core/Src/main.o
                0x0000000024000624                hdma_usart3_tx
 *fill*         0x000000002400069c        0x4 
 .bss.target_1  0x00000000240006a0        0x8 ./Core/Src/main.o
                0x00000000240006a0                target_1
 .bss.target_2  0x00000000240006a8        0x8 ./Core/Src/main.o
                0x00000000240006a8                target_2
 .bss.target_3  0x00000000240006b0        0x8 ./Core/Src/main.o
                0x00000000240006b0                target_3
 .bss.targeted_1
                0x00000000240006b8        0x8 ./Core/Src/main.o
                0x00000000240006b8                targeted_1
 .bss.targeted_2
                0x00000000240006c0        0x8 ./Core/Src/main.o
                0x00000000240006c0                targeted_2
 .bss.targeted_3
                0x00000000240006c8        0x8 ./Core/Src/main.o
                0x00000000240006c8                targeted_3
 .bss.position_1
                0x00000000240006d0        0x8 ./Core/Src/main.o
                0x00000000240006d0                position_1
 .bss.position_2
                0x00000000240006d8        0x8 ./Core/Src/main.o
                0x00000000240006d8                position_2
 .bss.position_3
                0x00000000240006e0        0x8 ./Core/Src/main.o
                0x00000000240006e0                position_3
 .bss.angle_1   0x00000000240006e8        0x8 ./Core/Src/main.o
                0x00000000240006e8                angle_1
 .bss.angle_2   0x00000000240006f0        0x8 ./Core/Src/main.o
                0x00000000240006f0                angle_2
 .bss.angle_3   0x00000000240006f8        0x8 ./Core/Src/main.o
                0x00000000240006f8                angle_3
 .bss.i         0x0000000024000700        0x4 ./Core/Src/main.o
                0x0000000024000700                i
 .bss.j         0x0000000024000704        0x4 ./Core/Src/main.o
                0x0000000024000704                j
 .bss.k         0x0000000024000708        0x4 ./Core/Src/main.o
                0x0000000024000708                k
 .bss.CNT_1     0x000000002400070c        0x4 ./Core/Src/main.o
                0x000000002400070c                CNT_1
 .bss.CNT_2     0x0000000024000710        0x4 ./Core/Src/main.o
                0x0000000024000710                CNT_2
 .bss.CNT_3     0x0000000024000714        0x4 ./Core/Src/main.o
                0x0000000024000714                CNT_3
 .bss.degree_1  0x0000000024000718        0x8 ./Core/Src/main.o
                0x0000000024000718                degree_1
 .bss.degree_2  0x0000000024000720        0x8 ./Core/Src/main.o
                0x0000000024000720                degree_2
 .bss.pulse_1   0x0000000024000728        0x8 ./Core/Src/main.o
                0x0000000024000728                pulse_1
 .bss.Deg       0x0000000024000730        0x8 ./Core/Src/main.o
                0x0000000024000730                Deg
 .bss.a         0x0000000024000738        0x4 ./Core/Src/main.o
                0x0000000024000738                a
 *fill*         0x000000002400073c        0x4 
 .bss.temp      0x0000000024000740        0x8 ./Core/Src/main.o
                0x0000000024000740                temp
 .bss.MACAddr.0
                0x0000000024000748        0x6 ./Core/Src/main.o
 *fill*         0x000000002400074e        0x2 
 .bss.uwTick    0x0000000024000750        0x4 ./Drivers/STM32H7xx_HAL_Driver/Src/stm32h7xx_hal.o
                0x0000000024000750                uwTick
 *(COMMON)
                0x0000000024000754                . = ALIGN (0x4)
                0x0000000024000754                _ebss = .
                0x0000000024000754                __bss_end__ = _ebss

._user_heap_stack
                0x0000000024000754      0x604 load address 0x000000000800b670
                0x0000000024000758                . = ALIGN (0x8)
 *fill*         0x0000000024000754        0x4 
                [!provide]                        PROVIDE (end = .)
                0x0000000024000758                PROVIDE (_end = .)
                0x0000000024000958                . = (. + _Min_Heap_Size)
 *fill*         0x0000000024000758      0x200 
                0x0000000024000d58                . = (. + _Min_Stack_Size)
 *fill*         0x0000000024000958      0x400 
                0x0000000024000d58                . = ALIGN (0x8)

/DISCARD/
 libc.a(*)
 libm.a(*)
 libgcc.a(*)

.ARM.attributes
                0x0000000000000000       0x2e
 *(.ARM.attributes)
 .ARM.attributes
                0x0000000000000000       0x1e c:/st/stm32cubeide_1.10.1/stm32cubeide/plugins/com.st.stm32cube.ide.mcu.externaltools.gnu-tools-for-stm32.10.3-2021.10.win32_1.0.0.202111181127/tools/bin/../lib/gcc/arm-none-eabi/10.3.1/thumb/v7e-m+dp/hard/crti.o
 .ARM.attributes
                0x000000000000001e       0x32 c:/st/stm32cubeide_1.10.1/stm32cubeide/plugins/com.st.stm32cube.ide.mcu.externaltools.gnu-tools-for-stm32.10.3-2021.10.win32_1.0.0.202111181127/tools/bin/../lib/gcc/arm-none-eabi/10.3.1/thumb/v7e-m+dp/hard/crtbegin.o
 .ARM.attributes
                0x0000000000000050       0x32 ./Core/Src/main.o
 .ARM.attributes
                0x0000000000000082       0x32 ./Core/Src/stm32h7xx_hal_msp.o
 .ARM.attributes
                0x00000000000000b4       0x32 ./Core/Src/stm32h7xx_it.o
 .ARM.attributes
                0x00000000000000e6       0x32 ./Core/Src/system_stm32h7xx.o
 .ARM.attributes
                0x0000000000000118       0x21 ./Core/Startup/startup_stm32h723zgtx.o
 .ARM.attributes
                0x0000000000000139       0x32 ./Drivers/STM32H7xx_HAL_Driver/Src/stm32h7xx_hal.o
 .ARM.attributes
                0x000000000000016b       0x32 ./Drivers/STM32H7xx_HAL_Driver/Src/stm32h7xx_hal_cortex.o
 .ARM.attributes
                0x000000000000019d       0x32 ./Drivers/STM32H7xx_HAL_Driver/Src/stm32h7xx_hal_dma.o
 .ARM.attributes
                0x00000000000001cf       0x32 ./Drivers/STM32H7xx_HAL_Driver/Src/stm32h7xx_hal_eth.o
 .ARM.attributes
                0x0000000000000201       0x32 ./Drivers/STM32H7xx_HAL_Driver/Src/stm32h7xx_hal_gpio.o
 .ARM.attributes
                0x0000000000000233       0x32 ./Drivers/STM32H7xx_HAL_Driver/Src/stm32h7xx_hal_pwr_ex.o
 .ARM.attributes
                0x0000000000000265       0x32 ./Drivers/STM32H7xx_HAL_Driver/Src/stm32h7xx_hal_rcc.o
 .ARM.attributes
                0x0000000000000297       0x32 ./Drivers/STM32H7xx_HAL_Driver/Src/stm32h7xx_hal_rcc_ex.o
 .ARM.attributes
                0x00000000000002c9       0x32 ./Drivers/STM32H7xx_HAL_Driver/Src/stm32h7xx_hal_tim.o
 .ARM.attributes
                0x00000000000002fb       0x32 ./Drivers/STM32H7xx_HAL_Driver/Src/stm32h7xx_hal_tim_ex.o
 .ARM.attributes
                0x000000000000032d       0x32 ./Drivers/STM32H7xx_HAL_Driver/Src/stm32h7xx_hal_uart.o
 .ARM.attributes
                0x000000000000035f       0x32 ./Drivers/STM32H7xx_HAL_Driver/Src/stm32h7xx_hal_uart_ex.o
 .ARM.attributes
                0x0000000000000391       0x32 c:/st/stm32cubeide_1.10.1/stm32cubeide/plugins/com.st.stm32cube.ide.mcu.externaltools.gnu-tools-for-stm32.10.3-2021.10.win32_1.0.0.202111181127/tools/bin/../lib/gcc/arm-none-eabi/10.3.1/../../../../arm-none-eabi/lib/thumb/v7e-m+dp/hard\libm.a(lib_a-s_round.o)
 .ARM.attributes
                0x00000000000003c3       0x32 c:/st/stm32cubeide_1.10.1/stm32cubeide/plugins/com.st.stm32cube.ide.mcu.externaltools.gnu-tools-for-stm32.10.3-2021.10.win32_1.0.0.202111181127/tools/bin/../lib/gcc/arm-none-eabi/10.3.1/../../../../arm-none-eabi/lib/thumb/v7e-m+dp/hard\libc_nano.a(lib_a-init.o)
 .ARM.attributes
                0x00000000000003f5       0x32 c:/st/stm32cubeide_1.10.1/stm32cubeide/plugins/com.st.stm32cube.ide.mcu.externaltools.gnu-tools-for-stm32.10.3-2021.10.win32_1.0.0.202111181127/tools/bin/../lib/gcc/arm-none-eabi/10.3.1/../../../../arm-none-eabi/lib/thumb/v7e-m+dp/hard\libc_nano.a(lib_a-memset.o)
 .ARM.attributes
                0x0000000000000427       0x1e c:/st/stm32cubeide_1.10.1/stm32cubeide/plugins/com.st.stm32cube.ide.mcu.externaltools.gnu-tools-for-stm32.10.3-2021.10.win32_1.0.0.202111181127/tools/bin/../lib/gcc/arm-none-eabi/10.3.1/thumb/v7e-m+dp/hard\libgcc.a(_aeabi_uldivmod.o)
 .ARM.attributes
                0x0000000000000445       0x32 c:/st/stm32cubeide_1.10.1/stm32cubeide/plugins/com.st.stm32cube.ide.mcu.externaltools.gnu-tools-for-stm32.10.3-2021.10.win32_1.0.0.202111181127/tools/bin/../lib/gcc/arm-none-eabi/10.3.1/thumb/v7e-m+dp/hard\libgcc.a(_udivmoddi4.o)
 .ARM.attributes
                0x0000000000000477       0x1e c:/st/stm32cubeide_1.10.1/stm32cubeide/plugins/com.st.stm32cube.ide.mcu.externaltools.gnu-tools-for-stm32.10.3-2021.10.win32_1.0.0.202111181127/tools/bin/../lib/gcc/arm-none-eabi/10.3.1/thumb/v7e-m+dp/hard\libgcc.a(_dvmd_tls.o)
 .ARM.attributes
                0x0000000000000495       0x1e c:/st/stm32cubeide_1.10.1/stm32cubeide/plugins/com.st.stm32cube.ide.mcu.externaltools.gnu-tools-for-stm32.10.3-2021.10.win32_1.0.0.202111181127/tools/bin/../lib/gcc/arm-none-eabi/10.3.1/thumb/v7e-m+dp/hard/crtn.o
OUTPUT(DummyInTaiwan_STM.elf elf32-littlearm)
LOAD linker stubs
LOAD c:/st/stm32cubeide_1.10.1/stm32cubeide/plugins/com.st.stm32cube.ide.mcu.externaltools.gnu-tools-for-stm32.10.3-2021.10.win32_1.0.0.202111181127/tools/bin/../lib/gcc/arm-none-eabi/10.3.1/../../../../arm-none-eabi/lib/thumb/v7e-m+dp/hard\libc.a
LOAD c:/st/stm32cubeide_1.10.1/stm32cubeide/plugins/com.st.stm32cube.ide.mcu.externaltools.gnu-tools-for-stm32.10.3-2021.10.win32_1.0.0.202111181127/tools/bin/../lib/gcc/arm-none-eabi/10.3.1/../../../../arm-none-eabi/lib/thumb/v7e-m+dp/hard\libm.a
LOAD c:/st/stm32cubeide_1.10.1/stm32cubeide/plugins/com.st.stm32cube.ide.mcu.externaltools.gnu-tools-for-stm32.10.3-2021.10.win32_1.0.0.202111181127/tools/bin/../lib/gcc/arm-none-eabi/10.3.1/thumb/v7e-m+dp/hard\libgcc.a

.debug_info     0x0000000000000000    0x1b7fb
 .debug_info    0x0000000000000000     0x33a1 ./Core/Src/main.o
 .debug_info    0x00000000000033a1     0x2abe ./Core/Src/stm32h7xx_hal_msp.o
 .debug_info    0x0000000000005e5f      0xdc6 ./Core/Src/stm32h7xx_it.o
 .debug_info    0x0000000000006c25      0xb45 ./Core/Src/system_stm32h7xx.o
 .debug_info    0x000000000000776a       0x22 ./Core/Startup/startup_stm32h723zgtx.o
 .debug_info    0x000000000000778c     0x1746 ./Drivers/STM32H7xx_HAL_Driver/Src/stm32h7xx_hal.o
 .debug_info    0x0000000000008ed2     0x1161 ./Drivers/STM32H7xx_HAL_Driver/Src/stm32h7xx_hal_cortex.o
 .debug_info    0x000000000000a033      0xc06 ./Drivers/STM32H7xx_HAL_Driver/Src/stm32h7xx_hal_dma.o
 .debug_info    0x000000000000ac39     0x2b44 ./Drivers/STM32H7xx_HAL_Driver/Src/stm32h7xx_hal_eth.o
 .debug_info    0x000000000000d77d      0xd37 ./Drivers/STM32H7xx_HAL_Driver/Src/stm32h7xx_hal_gpio.o
 .debug_info    0x000000000000e4b4      0xe71 ./Drivers/STM32H7xx_HAL_Driver/Src/stm32h7xx_hal_pwr_ex.o
 .debug_info    0x000000000000f325      0xe4a ./Drivers/STM32H7xx_HAL_Driver/Src/stm32h7xx_hal_rcc.o
 .debug_info    0x000000000001016f     0x1299 ./Drivers/STM32H7xx_HAL_Driver/Src/stm32h7xx_hal_rcc_ex.o
 .debug_info    0x0000000000011408     0x2dd1 ./Drivers/STM32H7xx_HAL_Driver/Src/stm32h7xx_hal_tim.o
 .debug_info    0x00000000000141d9     0x19d5 ./Drivers/STM32H7xx_HAL_Driver/Src/stm32h7xx_hal_tim_ex.o
 .debug_info    0x0000000000015bae     0x4c42 ./Drivers/STM32H7xx_HAL_Driver/Src/stm32h7xx_hal_uart.o
 .debug_info    0x000000000001a7f0     0x100b ./Drivers/STM32H7xx_HAL_Driver/Src/stm32h7xx_hal_uart_ex.o

.debug_abbrev   0x0000000000000000     0x2739
 .debug_abbrev  0x0000000000000000      0x2f2 ./Core/Src/main.o
 .debug_abbrev  0x00000000000002f2      0x283 ./Core/Src/stm32h7xx_hal_msp.o
 .debug_abbrev  0x0000000000000575      0x1a5 ./Core/Src/stm32h7xx_it.o
 .debug_abbrev  0x000000000000071a      0x136 ./Core/Src/system_stm32h7xx.o
 .debug_abbrev  0x0000000000000850       0x12 ./Core/Startup/startup_stm32h723zgtx.o
 .debug_abbrev  0x0000000000000862      0x292 ./Drivers/STM32H7xx_HAL_Driver/Src/stm32h7xx_hal.o
 .debug_abbrev  0x0000000000000af4      0x329 ./Drivers/STM32H7xx_HAL_Driver/Src/stm32h7xx_hal_cortex.o
 .debug_abbrev  0x0000000000000e1d      0x239 ./Drivers/STM32H7xx_HAL_Driver/Src/stm32h7xx_hal_dma.o
 .debug_abbrev  0x0000000000001056      0x2bd ./Drivers/STM32H7xx_HAL_Driver/Src/stm32h7xx_hal_eth.o
 .debug_abbrev  0x0000000000001313      0x1ec ./Drivers/STM32H7xx_HAL_Driver/Src/stm32h7xx_hal_gpio.o
 .debug_abbrev  0x00000000000014ff      0x27e ./Drivers/STM32H7xx_HAL_Driver/Src/stm32h7xx_hal_pwr_ex.o
 .debug_abbrev  0x000000000000177d      0x2a7 ./Drivers/STM32H7xx_HAL_Driver/Src/stm32h7xx_hal_rcc.o
 .debug_abbrev  0x0000000000001a24      0x25c ./Drivers/STM32H7xx_HAL_Driver/Src/stm32h7xx_hal_rcc_ex.o
 .debug_abbrev  0x0000000000001c80      0x25d ./Drivers/STM32H7xx_HAL_Driver/Src/stm32h7xx_hal_tim.o
 .debug_abbrev  0x0000000000001edd      0x27a ./Drivers/STM32H7xx_HAL_Driver/Src/stm32h7xx_hal_tim_ex.o
 .debug_abbrev  0x0000000000002157      0x325 ./Drivers/STM32H7xx_HAL_Driver/Src/stm32h7xx_hal_uart.o
 .debug_abbrev  0x000000000000247c      0x2bd ./Drivers/STM32H7xx_HAL_Driver/Src/stm32h7xx_hal_uart_ex.o

.debug_aranges  0x0000000000000000     0x1328
 .debug_aranges
                0x0000000000000000       0xb8 ./Core/Src/main.o
 .debug_aranges
                0x00000000000000b8       0x68 ./Core/Src/stm32h7xx_hal_msp.o
 .debug_aranges
                0x0000000000000120       0xd8 ./Core/Src/stm32h7xx_it.o
 .debug_aranges
                0x00000000000001f8       0x28 ./Core/Src/system_stm32h7xx.o
 .debug_aranges
                0x0000000000000220       0x28 ./Core/Startup/startup_stm32h723zgtx.o
 .debug_aranges
                0x0000000000000248      0x1c8 ./Drivers/STM32H7xx_HAL_Driver/Src/stm32h7xx_hal.o
 .debug_aranges
                0x0000000000000410      0x120 ./Drivers/STM32H7xx_HAL_Driver/Src/stm32h7xx_hal_cortex.o
 .debug_aranges
                0x0000000000000530       0xa0 ./Drivers/STM32H7xx_HAL_Driver/Src/stm32h7xx_hal_dma.o
 .debug_aranges
                0x00000000000005d0      0x1d8 ./Drivers/STM32H7xx_HAL_Driver/Src/stm32h7xx_hal_eth.o
 .debug_aranges
                0x00000000000007a8       0x58 ./Drivers/STM32H7xx_HAL_Driver/Src/stm32h7xx_hal_gpio.o
 .debug_aranges
                0x0000000000000800      0x148 ./Drivers/STM32H7xx_HAL_Driver/Src/stm32h7xx_hal_pwr_ex.o
 .debug_aranges
                0x0000000000000948       0x88 ./Drivers/STM32H7xx_HAL_Driver/Src/stm32h7xx_hal_rcc.o
 .debug_aranges
                0x00000000000009d0       0xf8 ./Drivers/STM32H7xx_HAL_Driver/Src/stm32h7xx_hal_rcc_ex.o
 .debug_aranges
                0x0000000000000ac8      0x3e0 ./Drivers/STM32H7xx_HAL_Driver/Src/stm32h7xx_hal_tim.o
 .debug_aranges
                0x0000000000000ea8      0x198 ./Drivers/STM32H7xx_HAL_Driver/Src/stm32h7xx_hal_tim_ex.o
 .debug_aranges
                0x0000000000001040      0x248 ./Drivers/STM32H7xx_HAL_Driver/Src/stm32h7xx_hal_uart.o
 .debug_aranges
                0x0000000000001288       0xa0 ./Drivers/STM32H7xx_HAL_Driver/Src/stm32h7xx_hal_uart_ex.o

.debug_ranges   0x0000000000000000     0x1250
 .debug_ranges  0x0000000000000000       0xa8 ./Core/Src/main.o
 .debug_ranges  0x00000000000000a8       0x58 ./Core/Src/stm32h7xx_hal_msp.o
 .debug_ranges  0x0000000000000100       0xc8 ./Core/Src/stm32h7xx_it.o
 .debug_ranges  0x00000000000001c8       0x18 ./Core/Src/system_stm32h7xx.o
 .debug_ranges  0x00000000000001e0       0x20 ./Core/Startup/startup_stm32h723zgtx.o
 .debug_ranges  0x0000000000000200      0x1b8 ./Drivers/STM32H7xx_HAL_Driver/Src/stm32h7xx_hal.o
 .debug_ranges  0x00000000000003b8      0x110 ./Drivers/STM32H7xx_HAL_Driver/Src/stm32h7xx_hal_cortex.o
 .debug_ranges  0x00000000000004c8       0x90 ./Drivers/STM32H7xx_HAL_Driver/Src/stm32h7xx_hal_dma.o
 .debug_ranges  0x0000000000000558      0x1c8 ./Drivers/STM32H7xx_HAL_Driver/Src/stm32h7xx_hal_eth.o
 .debug_ranges  0x0000000000000720       0x48 ./Drivers/STM32H7xx_HAL_Driver/Src/stm32h7xx_hal_gpio.o
 .debug_ranges  0x0000000000000768      0x138 ./Drivers/STM32H7xx_HAL_Driver/Src/stm32h7xx_hal_pwr_ex.o
 .debug_ranges  0x00000000000008a0       0x78 ./Drivers/STM32H7xx_HAL_Driver/Src/stm32h7xx_hal_rcc.o
 .debug_ranges  0x0000000000000918       0xe8 ./Drivers/STM32H7xx_HAL_Driver/Src/stm32h7xx_hal_rcc_ex.o
 .debug_ranges  0x0000000000000a00      0x3d0 ./Drivers/STM32H7xx_HAL_Driver/Src/stm32h7xx_hal_tim.o
 .debug_ranges  0x0000000000000dd0      0x188 ./Drivers/STM32H7xx_HAL_Driver/Src/stm32h7xx_hal_tim_ex.o
 .debug_ranges  0x0000000000000f58      0x268 ./Drivers/STM32H7xx_HAL_Driver/Src/stm32h7xx_hal_uart.o
 .debug_ranges  0x00000000000011c0       0x90 ./Drivers/STM32H7xx_HAL_Driver/Src/stm32h7xx_hal_uart_ex.o

.debug_macro    0x0000000000000000    0x3305f
 .debug_macro   0x0000000000000000      0x2fb ./Core/Src/main.o
 .debug_macro   0x00000000000002fb      0xa90 ./Core/Src/main.o
 .debug_macro   0x0000000000000d8b      0x23e ./Core/Src/main.o
 .debug_macro   0x0000000000000fc9       0x2e ./Core/Src/main.o
 .debug_macro   0x0000000000000ff7       0x3b ./Core/Src/main.o
 .debug_macro   0x0000000000001032       0x8e ./Core/Src/main.o
 .debug_macro   0x00000000000010c0       0x51 ./Core/Src/main.o
 .debug_macro   0x0000000000001111       0x1c ./Core/Src/main.o
 .debug_macro   0x000000000000112d       0x22 ./Core/Src/main.o
 .debug_macro   0x000000000000114f       0xfb ./Core/Src/main.o
 .debug_macro   0x000000000000124a     0x1305 ./Core/Src/main.o
 .debug_macro   0x000000000000254f      0x11f ./Core/Src/main.o
 .debug_macro   0x000000000000266e       0x27 ./Core/Src/main.o
 .debug_macro   0x0000000000002695    0x211d1 ./Core/Src/main.o
 .debug_macro   0x0000000000023866       0x6d ./Core/Src/main.o
 .debug_macro   0x00000000000238d3     0x3d0d ./Core/Src/main.o
 .debug_macro   0x00000000000275e0      0x174 ./Core/Src/main.o
 .debug_macro   0x0000000000027754       0x52 ./Core/Src/main.o
 .debug_macro   0x00000000000277a6       0x34 ./Core/Src/main.o
 .debug_macro   0x00000000000277da       0x43 ./Core/Src/main.o
 .debug_macro   0x000000000002781d       0x1c ./Core/Src/main.o
 .debug_macro   0x0000000000027839      0x341 ./Core/Src/main.o
 .debug_macro   0x0000000000027b7a      0x19b ./Core/Src/main.o
 .debug_macro   0x0000000000027d15       0x5d ./Core/Src/main.o
 .debug_macro   0x0000000000027d72     0x2462 ./Core/Src/main.o
 .debug_macro   0x000000000002a1d4     0x104f ./Core/Src/main.o
 .debug_macro   0x000000000002b223      0x14d ./Core/Src/main.o
 .debug_macro   0x000000000002b370      0x114 ./Core/Src/main.o
 .debug_macro   0x000000000002b484      0x3f8 ./Core/Src/main.o
 .debug_macro   0x000000000002b87c       0xac ./Core/Src/main.o
 .debug_macro   0x000000000002b928      0x788 ./Core/Src/main.o
 .debug_macro   0x000000000002c0b0      0x228 ./Core/Src/main.o
 .debug_macro   0x000000000002c2d8       0x66 ./Core/Src/main.o
 .debug_macro   0x000000000002c33e      0x3a6 ./Core/Src/main.o
 .debug_macro   0x000000000002c6e4      0xa80 ./Core/Src/main.o
 .debug_macro   0x000000000002d164      0x129 ./Core/Src/main.o
 .debug_macro   0x000000000002d28d      0x3f9 ./Core/Src/main.o
 .debug_macro   0x000000000002d686      0x275 ./Core/Src/main.o
 .debug_macro   0x000000000002d8fb      0x3ca ./Core/Src/main.o
 .debug_macro   0x000000000002dcc5      0x45c ./Core/Src/main.o
 .debug_macro   0x000000000002e121       0x3c ./Core/Src/main.o
 .debug_macro   0x000000000002e15d       0x4a ./Core/Src/main.o
 .debug_macro   0x000000000002e1a7      0x22c ./Core/Src/main.o
 .debug_macro   0x000000000002e3d3       0x67 ./Core/Src/main.o
 .debug_macro   0x000000000002e43a       0xa5 ./Core/Src/main.o
 .debug_macro   0x000000000002e4df      0x1c4 ./Core/Src/main.o
 .debug_macro   0x000000000002e6a3      0x22a ./Core/Src/main.o
 .debug_macro   0x000000000002e8cd       0x35 ./Core/Src/main.o
 .debug_macro   0x000000000002e902      0xb16 ./Core/Src/main.o
 .debug_macro   0x000000000002f418      0x29f ./Core/Src/main.o
 .debug_macro   0x000000000002f6b7      0x67e ./Core/Src/main.o
 .debug_macro   0x000000000002fd35       0xa6 ./Core/Src/main.o
 .debug_macro   0x000000000002fddb      0x5e6 ./Core/Src/main.o
 .debug_macro   0x00000000000303c1      0x136 ./Core/Src/main.o
 .debug_macro   0x00000000000304f7       0x16 ./Core/Src/main.o
 .debug_macro   0x000000000003050d       0x35 ./Core/Src/main.o
 .debug_macro   0x0000000000030542       0x20 ./Core/Src/main.o
 .debug_macro   0x0000000000030562      0x2cb ./Core/Src/stm32h7xx_hal_msp.o
 .debug_macro   0x000000000003082d      0x2d5 ./Core/Src/stm32h7xx_it.o
 .debug_macro   0x0000000000030b02      0x2bc ./Core/Src/system_stm32h7xx.o
 .debug_macro   0x0000000000030dbe      0x2e6 ./Drivers/STM32H7xx_HAL_Driver/Src/stm32h7xx_hal.o
 .debug_macro   0x00000000000310a4      0x2bc ./Drivers/STM32H7xx_HAL_Driver/Src/stm32h7xx_hal_cortex.o
 .debug_macro   0x0000000000031360      0x30f ./Drivers/STM32H7xx_HAL_Driver/Src/stm32h7xx_hal_dma.o
 .debug_macro   0x000000000003166f      0x350 ./Drivers/STM32H7xx_HAL_Driver/Src/stm32h7xx_hal_eth.o
 .debug_macro   0x00000000000319bf      0x2c3 ./Drivers/STM32H7xx_HAL_Driver/Src/stm32h7xx_hal_gpio.o
 .debug_macro   0x0000000000031c82      0x2f5 ./Drivers/STM32H7xx_HAL_Driver/Src/stm32h7xx_hal_pwr_ex.o
 .debug_macro   0x0000000000031f77      0x2e0 ./Drivers/STM32H7xx_HAL_Driver/Src/stm32h7xx_hal_rcc.o
 .debug_macro   0x0000000000032257      0x2da ./Drivers/STM32H7xx_HAL_Driver/Src/stm32h7xx_hal_rcc_ex.o
 .debug_macro   0x0000000000032531      0x2bd ./Drivers/STM32H7xx_HAL_Driver/Src/stm32h7xx_hal_tim.o
 .debug_macro   0x00000000000327ee      0x2c2 ./Drivers/STM32H7xx_HAL_Driver/Src/stm32h7xx_hal_tim_ex.o
 .debug_macro   0x0000000000032ab0      0x2e7 ./Drivers/STM32H7xx_HAL_Driver/Src/stm32h7xx_hal_uart.o
 .debug_macro   0x0000000000032d97      0x2c8 ./Drivers/STM32H7xx_HAL_Driver/Src/stm32h7xx_hal_uart_ex.o

.debug_line     0x0000000000000000    0x18826
 .debug_line    0x0000000000000000     0x119c ./Core/Src/main.o
 .debug_line    0x000000000000119c      0xbc0 ./Core/Src/stm32h7xx_hal_msp.o
 .debug_line    0x0000000000001d5c      0xaa4 ./Core/Src/stm32h7xx_it.o
 .debug_line    0x0000000000002800      0xa21 ./Core/Src/system_stm32h7xx.o
 .debug_line    0x0000000000003221       0x88 ./Core/Startup/startup_stm32h723zgtx.o
 .debug_line    0x00000000000032a9      0xebb ./Drivers/STM32H7xx_HAL_Driver/Src/stm32h7xx_hal.o
 .debug_line    0x0000000000004164      0xe30 ./Drivers/STM32H7xx_HAL_Driver/Src/stm32h7xx_hal_cortex.o
 .debug_line    0x0000000000004f94     0x277c ./Drivers/STM32H7xx_HAL_Driver/Src/stm32h7xx_hal_dma.o
 .debug_line    0x0000000000007710     0x1b70 ./Drivers/STM32H7xx_HAL_Driver/Src/stm32h7xx_hal_eth.o
 .debug_line    0x0000000000009280      0xcd9 ./Drivers/STM32H7xx_HAL_Driver/Src/stm32h7xx_hal_gpio.o
 .debug_line    0x0000000000009f59      0xe9f ./Drivers/STM32H7xx_HAL_Driver/Src/stm32h7xx_hal_pwr_ex.o
 .debug_line    0x000000000000adf8     0x12ff ./Drivers/STM32H7xx_HAL_Driver/Src/stm32h7xx_hal_rcc.o
 .debug_line    0x000000000000c0f7     0x1a78 ./Drivers/STM32H7xx_HAL_Driver/Src/stm32h7xx_hal_rcc_ex.o
 .debug_line    0x000000000000db6f     0x3f83 ./Drivers/STM32H7xx_HAL_Driver/Src/stm32h7xx_hal_tim.o
 .debug_line    0x0000000000011af2     0x1f38 ./Drivers/STM32H7xx_HAL_Driver/Src/stm32h7xx_hal_tim_ex.o
 .debug_line    0x0000000000013a2a     0x3ef4 ./Drivers/STM32H7xx_HAL_Driver/Src/stm32h7xx_hal_uart.o
 .debug_line    0x000000000001791e      0xf08 ./Drivers/STM32H7xx_HAL_Driver/Src/stm32h7xx_hal_uart_ex.o

.debug_str      0x0000000000000000   0x152835
 .debug_str     0x0000000000000000   0x14cbfd ./Core/Src/main.o
                                     0x14d26d (size before relaxing)
 .debug_str     0x000000000014cbfd      0x420 ./Core/Src/stm32h7xx_hal_msp.o
                                     0x14cce2 (size before relaxing)
 .debug_str     0x000000000014d01d      0x1ff ./Core/Src/stm32h7xx_it.o
                                     0x14b714 (size before relaxing)
 .debug_str     0x000000000014d21c      0x29a ./Core/Src/system_stm32h7xx.o
                                     0x14abbb (size before relaxing)
 .debug_str     0x000000000014d4b6       0x36 ./Core/Startup/startup_stm32h723zgtx.o
                                         0x7b (size before relaxing)
 .debug_str     0x000000000014d4ec      0x9a3 ./Drivers/STM32H7xx_HAL_Driver/Src/stm32h7xx_hal.o
                                     0x14bc45 (size before relaxing)
 .debug_str     0x000000000014de8f      0x31e ./Drivers/STM32H7xx_HAL_Driver/Src/stm32h7xx_hal_cortex.o
                                     0x14b527 (size before relaxing)
 .debug_str     0x000000000014e1ad      0x8a4 ./Drivers/STM32H7xx_HAL_Driver/Src/stm32h7xx_hal_dma.o
                                     0x14b370 (size before relaxing)
 .debug_str     0x000000000014ea51     0x10b6 ./Drivers/STM32H7xx_HAL_Driver/Src/stm32h7xx_hal_eth.o
                                     0x14c556 (size before relaxing)
 .debug_str     0x000000000014fb07       0xa0 ./Drivers/STM32H7xx_HAL_Driver/Src/stm32h7xx_hal_gpio.o
                                     0x14ac06 (size before relaxing)
 .debug_str     0x000000000014fba7      0x5ee ./Drivers/STM32H7xx_HAL_Driver/Src/stm32h7xx_hal_pwr_ex.o
                                     0x14b00e (size before relaxing)
 .debug_str     0x0000000000150195      0x21a ./Drivers/STM32H7xx_HAL_Driver/Src/stm32h7xx_hal_rcc.o
                                     0x14af89 (size before relaxing)
 .debug_str     0x00000000001503af      0x64b ./Drivers/STM32H7xx_HAL_Driver/Src/stm32h7xx_hal_rcc_ex.o
                                     0x14b478 (size before relaxing)
 .debug_str     0x00000000001509fa      0xd04 ./Drivers/STM32H7xx_HAL_Driver/Src/stm32h7xx_hal_tim.o
                                     0x14bd77 (size before relaxing)
 .debug_str     0x00000000001516fe      0x50c ./Drivers/STM32H7xx_HAL_Driver/Src/stm32h7xx_hal_tim_ex.o
                                     0x14b734 (size before relaxing)
 .debug_str     0x0000000000151c0a      0x9eb ./Drivers/STM32H7xx_HAL_Driver/Src/stm32h7xx_hal_uart.o
                                     0x14bb01 (size before relaxing)
 .debug_str     0x00000000001525f5      0x240 ./Drivers/STM32H7xx_HAL_Driver/Src/stm32h7xx_hal_uart_ex.o
                                     0x14b0a7 (size before relaxing)

.comment        0x0000000000000000       0x50
 .comment       0x0000000000000000       0x50 ./Core/Src/main.o
                                         0x51 (size before relaxing)
 .comment       0x0000000000000050       0x51 ./Core/Src/stm32h7xx_hal_msp.o
 .comment       0x0000000000000050       0x51 ./Core/Src/stm32h7xx_it.o
 .comment       0x0000000000000050       0x51 ./Core/Src/system_stm32h7xx.o
 .comment       0x0000000000000050       0x51 ./Drivers/STM32H7xx_HAL_Driver/Src/stm32h7xx_hal.o
 .comment       0x0000000000000050       0x51 ./Drivers/STM32H7xx_HAL_Driver/Src/stm32h7xx_hal_cortex.o
 .comment       0x0000000000000050       0x51 ./Drivers/STM32H7xx_HAL_Driver/Src/stm32h7xx_hal_dma.o
 .comment       0x0000000000000050       0x51 ./Drivers/STM32H7xx_HAL_Driver/Src/stm32h7xx_hal_eth.o
 .comment       0x0000000000000050       0x51 ./Drivers/STM32H7xx_HAL_Driver/Src/stm32h7xx_hal_gpio.o
 .comment       0x0000000000000050       0x51 ./Drivers/STM32H7xx_HAL_Driver/Src/stm32h7xx_hal_pwr_ex.o
 .comment       0x0000000000000050       0x51 ./Drivers/STM32H7xx_HAL_Driver/Src/stm32h7xx_hal_rcc.o
 .comment       0x0000000000000050       0x51 ./Drivers/STM32H7xx_HAL_Driver/Src/stm32h7xx_hal_rcc_ex.o
 .comment       0x0000000000000050       0x51 ./Drivers/STM32H7xx_HAL_Driver/Src/stm32h7xx_hal_tim.o
 .comment       0x0000000000000050       0x51 ./Drivers/STM32H7xx_HAL_Driver/Src/stm32h7xx_hal_tim_ex.o
 .comment       0x0000000000000050       0x51 ./Drivers/STM32H7xx_HAL_Driver/Src/stm32h7xx_hal_uart.o
 .comment       0x0000000000000050       0x51 ./Drivers/STM32H7xx_HAL_Driver/Src/stm32h7xx_hal_uart_ex.o

.debug_frame    0x0000000000000000     0x5270
 .debug_frame   0x0000000000000000      0x2c8 ./Core/Src/main.o
 .debug_frame   0x00000000000002c8      0x180 ./Core/Src/stm32h7xx_hal_msp.o
 .debug_frame   0x0000000000000448      0x2ac ./Core/Src/stm32h7xx_it.o
 .debug_frame   0x00000000000006f4       0x58 ./Core/Src/system_stm32h7xx.o
 .debug_frame   0x000000000000074c      0x760 ./Drivers/STM32H7xx_HAL_Driver/Src/stm32h7xx_hal.o
 .debug_frame   0x0000000000000eac      0x4b8 ./Drivers/STM32H7xx_HAL_Driver/Src/stm32h7xx_hal_cortex.o
 .debug_frame   0x0000000000001364      0x2b4 ./Drivers/STM32H7xx_HAL_Driver/Src/stm32h7xx_hal_dma.o
 .debug_frame   0x0000000000001618      0x898 ./Drivers/STM32H7xx_HAL_Driver/Src/stm32h7xx_hal_eth.o
 .debug_frame   0x0000000000001eb0      0x14c ./Drivers/STM32H7xx_HAL_Driver/Src/stm32h7xx_hal_gpio.o
 .debug_frame   0x0000000000001ffc      0x540 ./Drivers/STM32H7xx_HAL_Driver/Src/stm32h7xx_hal_pwr_ex.o
 .debug_frame   0x000000000000253c      0x1fc ./Drivers/STM32H7xx_HAL_Driver/Src/stm32h7xx_hal_rcc.o
 .debug_frame   0x0000000000002738      0x3f4 ./Drivers/STM32H7xx_HAL_Driver/Src/stm32h7xx_hal_rcc_ex.o
 .debug_frame   0x0000000000002b2c     0x121c ./Drivers/STM32H7xx_HAL_Driver/Src/stm32h7xx_hal_tim.o
 .debug_frame   0x0000000000003d48      0x724 ./Drivers/STM32H7xx_HAL_Driver/Src/stm32h7xx_hal_tim_ex.o
 .debug_frame   0x000000000000446c      0xa94 ./Drivers/STM32H7xx_HAL_Driver/Src/stm32h7xx_hal_uart.o
 .debug_frame   0x0000000000004f00      0x29c ./Drivers/STM32H7xx_HAL_Driver/Src/stm32h7xx_hal_uart_ex.o
 .debug_frame   0x000000000000519c       0x28 c:/st/stm32cubeide_1.10.1/stm32cubeide/plugins/com.st.stm32cube.ide.mcu.externaltools.gnu-tools-for-stm32.10.3-2021.10.win32_1.0.0.202111181127/tools/bin/../lib/gcc/arm-none-eabi/10.3.1/../../../../arm-none-eabi/lib/thumb/v7e-m+dp/hard\libm.a(lib_a-s_round.o)
 .debug_frame   0x00000000000051c4       0x2c c:/st/stm32cubeide_1.10.1/stm32cubeide/plugins/com.st.stm32cube.ide.mcu.externaltools.gnu-tools-for-stm32.10.3-2021.10.win32_1.0.0.202111181127/tools/bin/../lib/gcc/arm-none-eabi/10.3.1/../../../../arm-none-eabi/lib/thumb/v7e-m+dp/hard\libc_nano.a(lib_a-init.o)
 .debug_frame   0x00000000000051f0       0x20 c:/st/stm32cubeide_1.10.1/stm32cubeide/plugins/com.st.stm32cube.ide.mcu.externaltools.gnu-tools-for-stm32.10.3-2021.10.win32_1.0.0.202111181127/tools/bin/../lib/gcc/arm-none-eabi/10.3.1/../../../../arm-none-eabi/lib/thumb/v7e-m+dp/hard\libc_nano.a(lib_a-memset.o)
 .debug_frame   0x0000000000005210       0x2c c:/st/stm32cubeide_1.10.1/stm32cubeide/plugins/com.st.stm32cube.ide.mcu.externaltools.gnu-tools-for-stm32.10.3-2021.10.win32_1.0.0.202111181127/tools/bin/../lib/gcc/arm-none-eabi/10.3.1/thumb/v7e-m+dp/hard\libgcc.a(_aeabi_uldivmod.o)
 .debug_frame   0x000000000000523c       0x34 c:/st/stm32cubeide_1.10.1/stm32cubeide/plugins/com.st.stm32cube.ide.mcu.externaltools.gnu-tools-for-stm32.10.3-2021.10.win32_1.0.0.202111181127/tools/bin/../lib/gcc/arm-none-eabi/10.3.1/thumb/v7e-m+dp/hard\libgcc.a(_udivmoddi4.o)
