../Core/Src/main.c:173:5:main	16	static
../Core/Src/main.c:308:6:SystemClock_Config	120	static
../Core/Src/main.c:368:13:MX_ETH_Init	8	static
../Core/Src/main.c:417:13:MX_TIM1_Init	40	static
../Core/Src/main.c:464:13:MX_TIM2_Init	48	static
../Core/Src/main.c:513:13:MX_TIM3_Init	40	static
../Core/Src/main.c:558:13:MX_TIM4_Init	40	static
../Core/Src/main.c:603:13:MX_TIM5_Init	40	static
../Core/Src/main.c:648:13:MX_TIM8_Init	104	static
../Core/Src/main.c:718:13:MX_TIM12_Init	24	static
../Core/Src/main.c:756:13:MX_TIM15_Init	40	static
../Core/Src/main.c:802:13:MX_TIM23_Init	48	static
../Core/Src/main.c:851:13:MX_TIM24_Init	40	static
../Core/Src/main.c:896:13:MX_USART3_UART_Init	8	static
../Core/Src/main.c:944:13:MX_USB_OTG_HS_USB_Init	4	static
../Core/Src/main.c:963:13:MX_DMA_Init	16	static
../Core/Src/main.c:984:13:MX_GPIO_Init	64	static
../Core/Src/main.c:1099:6:HAL_GPIO_EXTI_Callback	16	static
../Core/Src/main.c:1107:6:HAL_TIM_PeriodElapsedCallback	16	static
../Core/Src/main.c:1355:6:Error_Handler	4	static,ignoring_inline_asm
