../Core/Src/stm32h7xx_it.c:79:6:NMI_Handler	4	static
../Core/Src/stm32h7xx_it.c:94:6:HardFault_Handler	4	static
../Core/Src/stm32h7xx_it.c:109:6:MemManage_Handler	4	static
../Core/Src/stm32h7xx_it.c:124:6:BusFault_Handler	4	static
../Core/Src/stm32h7xx_it.c:139:6:UsageFault_Handler	4	static
../Core/Src/stm32h7xx_it.c:154:6:SVC_Handler	4	static
../Core/Src/stm32h7xx_it.c:167:6:DebugMon_Handler	4	static
../Core/Src/stm32h7xx_it.c:180:6:PendSV_Handler	4	static
../Core/Src/stm32h7xx_it.c:193:6:SysTick_Handler	8	static
../Core/Src/stm32h7xx_it.c:214:6:RCC_IRQHandler	4	static
../Core/Src/stm32h7xx_it.c:227:6:DMA1_Stream0_IRQHandler	8	static
../Core/Src/stm32h7xx_it.c:241:6:DMA1_Stream1_IRQHandler	8	static
../Core/Src/stm32h7xx_it.c:255:6:EXTI9_5_IRQHandler	8	static
../Core/Src/stm32h7xx_it.c:270:6:TIM1_BRK_IRQHandler	8	static
../Core/Src/stm32h7xx_it.c:284:6:TIM1_UP_IRQHandler	8	static
../Core/Src/stm32h7xx_it.c:298:6:TIM1_TRG_COM_IRQHandler	8	static
../Core/Src/stm32h7xx_it.c:312:6:TIM1_CC_IRQHandler	8	static
../Core/Src/stm32h7xx_it.c:326:6:TIM3_IRQHandler	8	static
../Core/Src/stm32h7xx_it.c:340:6:TIM4_IRQHandler	8	static
../Core/Src/stm32h7xx_it.c:354:6:USART3_IRQHandler	8	static
../Core/Src/stm32h7xx_it.c:368:6:TIM8_BRK_TIM12_IRQHandler	8	static
../Core/Src/stm32h7xx_it.c:383:6:TIM5_IRQHandler	8	static
../Core/Src/stm32h7xx_it.c:397:6:TIM15_IRQHandler	8	static
../Core/Src/stm32h7xx_it.c:411:6:TIM24_IRQHandler	8	static
